<html>
<body>
<pre>
<h1>µVision Build Log</h1>
<h2>Tool Versions:</h2>
IDE-Version: µVision V5.35.0.0
Copyright (C) 2021 ARM Ltd and ARM Germany GmbH. All rights reserved.
License Information: Do Anh Tu, doanhtu, LIC=EXJT4-FJJ7Z-QDDKD-8P47D-MA3NI-NXD5F
 
Tool Versions:
Toolchain:       MDK-ARM Plus  Version: 5.35.0.2
Toolchain Path:  E:\DTVT program\KEIL C 5 2021\ARM\ARMCC\Bin
C Compiler:      Armcc.exe V5.06 update 7 (build 960)
Assembler:       Armasm.exe V5.06 update 7 (build 960)
Linker/Locator:  ArmLink.exe V5.06 update 7 (build 960)
Library Manager: ArmAr.exe V5.06 update 7 (build 960)
Hex Converter:   FromElf.exe V5.06 update 7 (build 960)
CPU DLL:         SARMCM3.DLL V5.35.0.2
Dialog DLL:      DARMSTM.DLL V1.68.0.0
Target DLL:      STLink\ST-LINKIII-KEIL_SWO.dll V3.0.9.0
Dialog DLL:      TARMSTM.DLL V1.66.0.0
 
<h2>Project:</h2>
C:\Users\User\Documents\Keil C 5\Std_lib\NRF24l01\NRF24l01 v3\project\keil\GPIO.uvprojx
Project File Date:  12/04/2021

<h2>Output:</h2>
*** Using Compiler 'V5.06 update 7 (build 960)', folder: 'E:\DTVT program\KEIL C 5 2021\ARM\ARMCC\Bin'
Rebuild target 'SYSTICK'
assembling startup_stm32f10x_md.s...
compiling core_cm3.c...
compiling stm32f10x_flash.c...
compiling stm32f10x_gpio.c...
compiling main.c...
compiling stm32f10x_rcc.c...
compiling stm32f10x_usart.c...
compiling misc.c...
compiling stm32f10x_spi.c...
compiling stm32f10x_it.c...
compiling SPI.c...
compiling SYSCLK.c...
compiling SYSTICK.c...
compiling USART.c...
compiling system_stm32f10x.c...
compiling NRF24L01.c...
linking...
Program Size: Code=5624 RO-data=304 RW-data=80 ZI-data=1144  
FromELF: creating hex file...
".\GPIO.axf" - 0 Error(s), 0 Warning(s).

<h2>Software Packages used:</h2>

Package Vendor: ARM
                http://www.keil.com/pack/ARM.CMSIS.5.8.0.pack
                ARM.CMSIS.5.8.0
                CMSIS (Common Microcontroller Software Interface Standard)
   * Component: CORE Version: 5.5.0

Package Vendor: Keil
                http://www.keil.com/pack/Keil.STM32F1xx_DFP.2.1.0.pack
                Keil.STM32F1xx_DFP.2.1.0
                STMicroelectronics STM32F1 Series Device Support, Drivers and Examples

<h2>Collection of Component include folders:</h2>
  .\RTE\_SYSTICK
  E:\DTVT program\KEIL C 5 2021\PACK\ARM\CMSIS\5.8.0\CMSIS\Core\Include
  E:\DTVT program\KEIL C 5 2021\PACK\Keil\STM32F1xx_DFP\2.1.0\Device\Include

<h2>Collection of Component Files used:</h2>

   * Component: ARM::CMSIS:CORE:5.5.0
Build Time Elapsed:  00:00:05
</pre>
</body>
</html>
