Component: ARM Compiler 5.06 update 7 (build 960) Tool: armlink [4d3601]

==============================================================================

Section Cross References

    startup_stm32f10x_md.o(RESET) refers to startup_stm32f10x_md.o(STACK) for __initial_sp
    startup_stm32f10x_md.o(RESET) refers to startup_stm32f10x_md.o(.text) for Reset_Handler
    startup_stm32f10x_md.o(RESET) refers to stm32f10x_it.o(i.NMI_Handler) for NMI_Handler
    startup_stm32f10x_md.o(RESET) refers to stm32f10x_it.o(i.HardFault_Handler) for HardFault_Handler
    startup_stm32f10x_md.o(RESET) refers to stm32f10x_it.o(i.MemManage_Handler) for MemManage_Handler
    startup_stm32f10x_md.o(RESET) refers to stm32f10x_it.o(i.BusFault_Handler) for BusFault_Handler
    startup_stm32f10x_md.o(RESET) refers to stm32f10x_it.o(i.UsageFault_Handler) for UsageFault_Handler
    startup_stm32f10x_md.o(RESET) refers to stm32f10x_it.o(i.SVC_Handler) for SVC_Handler
    startup_stm32f10x_md.o(RESET) refers to stm32f10x_it.o(i.DebugMon_Handler) for DebugMon_Handler
    startup_stm32f10x_md.o(RESET) refers to stm32f10x_it.o(i.PendSV_Handler) for PendSV_Handler
    startup_stm32f10x_md.o(RESET) refers to stm32f10x_it.o(i.SysTick_Handler) for SysTick_Handler
    startup_stm32f10x_md.o(RESET) refers to main.o(i.SPI1_IRQHandler) for SPI1_IRQHandler
    startup_stm32f10x_md.o(.text) refers to system_stm32f10x.o(i.SystemInit) for SystemInit
    startup_stm32f10x_md.o(.text) refers to entry.o(.ARM.Collect$$$$00000000) for __main
    stm32f10x_gpio.o(i.GPIO_AFIODeInit) refers to stm32f10x_rcc.o(i.RCC_APB2PeriphResetCmd) for RCC_APB2PeriphResetCmd
    stm32f10x_gpio.o(i.GPIO_DeInit) refers to stm32f10x_rcc.o(i.RCC_APB2PeriphResetCmd) for RCC_APB2PeriphResetCmd
    stm32f10x_rcc.o(i.RCC_GetClocksFreq) refers to stm32f10x_rcc.o(.data) for APBAHBPrescTable
    stm32f10x_rcc.o(i.RCC_WaitForHSEStartUp) refers to stm32f10x_rcc.o(i.RCC_GetFlagStatus) for RCC_GetFlagStatus
    stm32f10x_usart.o(i.USART_DeInit) refers to stm32f10x_rcc.o(i.RCC_APB2PeriphResetCmd) for RCC_APB2PeriphResetCmd
    stm32f10x_usart.o(i.USART_DeInit) refers to stm32f10x_rcc.o(i.RCC_APB1PeriphResetCmd) for RCC_APB1PeriphResetCmd
    stm32f10x_usart.o(i.USART_Init) refers to stm32f10x_rcc.o(i.RCC_GetClocksFreq) for RCC_GetClocksFreq
    stm32f10x_flash.o(i.FLASH_EnableWriteProtection) refers to stm32f10x_flash.o(i.FLASH_WaitForLastOperation) for FLASH_WaitForLastOperation
    stm32f10x_flash.o(i.FLASH_EraseAllBank1Pages) refers to stm32f10x_flash.o(i.FLASH_WaitForLastBank1Operation) for FLASH_WaitForLastBank1Operation
    stm32f10x_flash.o(i.FLASH_EraseAllPages) refers to stm32f10x_flash.o(i.FLASH_WaitForLastOperation) for FLASH_WaitForLastOperation
    stm32f10x_flash.o(i.FLASH_EraseOptionBytes) refers to stm32f10x_flash.o(i.FLASH_GetReadOutProtectionStatus) for FLASH_GetReadOutProtectionStatus
    stm32f10x_flash.o(i.FLASH_EraseOptionBytes) refers to stm32f10x_flash.o(i.FLASH_WaitForLastOperation) for FLASH_WaitForLastOperation
    stm32f10x_flash.o(i.FLASH_ErasePage) refers to stm32f10x_flash.o(i.FLASH_WaitForLastOperation) for FLASH_WaitForLastOperation
    stm32f10x_flash.o(i.FLASH_ProgramHalfWord) refers to stm32f10x_flash.o(i.FLASH_WaitForLastOperation) for FLASH_WaitForLastOperation
    stm32f10x_flash.o(i.FLASH_ProgramOptionByteData) refers to stm32f10x_flash.o(i.FLASH_WaitForLastOperation) for FLASH_WaitForLastOperation
    stm32f10x_flash.o(i.FLASH_ProgramWord) refers to stm32f10x_flash.o(i.FLASH_WaitForLastOperation) for FLASH_WaitForLastOperation
    stm32f10x_flash.o(i.FLASH_ReadOutProtection) refers to stm32f10x_flash.o(i.FLASH_WaitForLastOperation) for FLASH_WaitForLastOperation
    stm32f10x_flash.o(i.FLASH_UserOptionByteConfig) refers to stm32f10x_flash.o(i.FLASH_WaitForLastOperation) for FLASH_WaitForLastOperation
    stm32f10x_flash.o(i.FLASH_WaitForLastBank1Operation) refers to stm32f10x_flash.o(i.FLASH_GetBank1Status) for FLASH_GetBank1Status
    stm32f10x_flash.o(i.FLASH_WaitForLastOperation) refers to stm32f10x_flash.o(i.FLASH_GetBank1Status) for FLASH_GetBank1Status
    stm32f10x_spi.o(i.I2S_Init) refers to stm32f10x_rcc.o(i.RCC_GetClocksFreq) for RCC_GetClocksFreq
    stm32f10x_spi.o(i.SPI_I2S_DeInit) refers to stm32f10x_rcc.o(i.RCC_APB2PeriphResetCmd) for RCC_APB2PeriphResetCmd
    stm32f10x_spi.o(i.SPI_I2S_DeInit) refers to stm32f10x_rcc.o(i.RCC_APB1PeriphResetCmd) for RCC_APB1PeriphResetCmd
    main.o(i.SPI1_IRQHandler) refers to stm32f10x_spi.o(i.SPI_I2S_GetITStatus) for SPI_I2S_GetITStatus
    main.o(i.SPI1_IRQHandler) refers to stm32f10x_spi.o(i.SPI_I2S_ReceiveData) for SPI_I2S_ReceiveData
    main.o(i.SPI1_IRQHandler) refers to printf5.o(i.__0printf$5) for __2printf
    main.o(i.SPI1_IRQHandler) refers to stm32f10x_spi.o(i.SPI_I2S_ClearFlag) for SPI_I2S_ClearFlag
    main.o(i.SPI1_IRQHandler) refers to stm32f10x_spi.o(i.SPI_I2S_ClearITPendingBit) for SPI_I2S_ClearITPendingBit
[...]
    spi.o(i.SPI2_Slave_Configuration) refers to spi.o(.bss) for SPI_InitStructure
    nrf24l01.o(i.Nrf24l01_AddWidth) refers to nrf24l01.o(i.Nrf24l01_cmd_write) for Nrf24l01_cmd_write
    nrf24l01.o(i.Nrf24l01_AutoRETR) refers to nrf24l01.o(i.Nrf24l01_cmd_write) for Nrf24l01_cmd_write
    nrf24l01.o(i.Nrf24l01_CRCscheme) refers to nrf24l01.o(i.Nrf24l01_cmd_read) for Nrf24l01_cmd_read
    nrf24l01.o(i.Nrf24l01_CRCscheme) refers to nrf24l01.o(i.Nrf24l01_cmd_write) for Nrf24l01_cmd_write
    nrf24l01.o(i.Nrf24l01_CRCscheme) refers to nrf24l01.o(.bss) for SPI_MASTER_Buffer_Rx
    nrf24l01.o(i.Nrf24l01_ClearIRQflag) refers to nrf24l01.o(i.Nrf24l01_cmd_read) for Nrf24l01_cmd_read
    nrf24l01.o(i.Nrf24l01_ClearIRQflag) refers to nrf24l01.o(i.Nrf24l01_cmd_write) for Nrf24l01_cmd_write
    nrf24l01.o(i.Nrf24l01_ClearIRQflag) refers to nrf24l01.o(.bss) for SPI_MASTER_Buffer_Rx
    nrf24l01.o(i.Nrf24l01_EN_AA) refers to nrf24l01.o(i.Nrf24l01_cmd_write) for Nrf24l01_cmd_write
    nrf24l01.o(i.Nrf24l01_EN_DPL) refers to nrf24l01.o(i.Nrf24l01_cmd_read) for Nrf24l01_cmd_read
    nrf24l01.o(i.Nrf24l01_EN_DPL) refers to nrf24l01.o(i.Nrf24l01_cmd_write) for Nrf24l01_cmd_write
    nrf24l01.o(i.Nrf24l01_EN_DPL) refers to nrf24l01.o(.bss) for SPI_MASTER_Buffer_Rx
    nrf24l01.o(i.Nrf24l01_FlushRX) refers to stm32f10x_spi.o(i.SPI_I2S_SendData) for SPI_I2S_SendData
    nrf24l01.o(i.Nrf24l01_FlushRX) refers to nrf24l01.o(i.rf24l01_delay_ms) for rf24l01_delay_ms
    nrf24l01.o(i.Nrf24l01_FlushTX) refers to stm32f10x_spi.o(i.SPI_I2S_SendData) for SPI_I2S_SendData
    nrf24l01.o(i.Nrf24l01_FlushTX) refers to nrf24l01.o(i.rf24l01_delay_ms) for rf24l01_delay_ms
    nrf24l01.o(i.Nrf24l01_GetAddWidth) refers to nrf24l01.o(i.Nrf24l01_cmd_read) for Nrf24l01_cmd_read
    nrf24l01.o(i.Nrf24l01_GetAddWidth) refers to nrf24l01.o(.bss) for SPI_MASTER_Buffer_Rx
    nrf24l01.o(i.Nrf24l01_Get_Status) refers to nrf24l01.o(i.Nrf24l01_cmd_read) for Nrf24l01_cmd_read
    nrf24l01.o(i.Nrf24l01_Get_Status) refers to nrf24l01.o(.bss) for SPI_MASTER_Buffer_Rx
    nrf24l01.o(i.Nrf24l01_Get_Status_RXFIFO) refers to nrf24l01.o(i.Nrf24l01_cmd_read) for Nrf24l01_cmd_read
    nrf24l01.o(i.Nrf24l01_Get_Status_RXFIFO) refers to nrf24l01.o(.bss) for SPI_MASTER_Buffer_Rx
    nrf24l01.o(i.Nrf24l01_Get_Status_TXFIFO) refers to nrf24l01.o(i.Nrf24l01_cmd_read) for Nrf24l01_cmd_read
    nrf24l01.o(i.Nrf24l01_Get_Status_TXFIFO) refers to nrf24l01.o(.bss) for SPI_MASTER_Buffer_Rx
    nrf24l01.o(i.Nrf24l01_OperationMode) refers to nrf24l01.o(i.Nrf24l01_cmd_read) for Nrf24l01_cmd_read
    nrf24l01.o(i.Nrf24l01_OperationMode) refers to nrf24l01.o(i.Nrf24l01_cmd_write) for Nrf24l01_cmd_write
    nrf24l01.o(i.Nrf24l01_OperationMode) refers to nrf24l01.o(.bss) for SPI_MASTER_Buffer_Rx
    nrf24l01.o(i.Nrf24l01_PowerMode) refers to nrf24l01.o(i.Nrf24l01_cmd_read) for Nrf24l01_cmd_read
    nrf24l01.o(i.Nrf24l01_PowerMode) refers to nrf24l01.o(i.Nrf24l01_cmd_write) for Nrf24l01_cmd_write
    nrf24l01.o(i.Nrf24l01_PowerMode) refers to nrf24l01.o(.bss) for SPI_MASTER_Buffer_Rx
    nrf24l01.o(i.Nrf24l01_Read_PL) refers to nrf24l01.o(i.Nrf24l01_cmd_read) for Nrf24l01_cmd_read
    nrf24l01.o(i.Nrf24l01_Read_PL) refers to stm32f10x_spi.o(i.SPI_I2S_SendData) for SPI_I2S_SendData
    nrf24l01.o(i.Nrf24l01_Read_PL) refers to nrf24l01.o(i.rf24l01_delay_ms) for rf24l01_delay_ms
    nrf24l01.o(i.Nrf24l01_Read_PL) refers to nrf24l01.o(.bss) for SPI_MASTER_Buffer_Rx
    nrf24l01.o(i.Nrf24l01_Read_PL) refers to nrf24l01.o(.data) for M_Rx
    nrf24l01.o(i.Nrf24l01_ResetPLOS) refers to nrf24l01.o(i.Nrf24l01_cmd_read) for Nrf24l01_cmd_read
    nrf24l01.o(i.Nrf24l01_ResetPLOS) refers to nrf24l01.o(i.Nrf24l01_cmd_write) for Nrf24l01_cmd_write
    nrf24l01.o(i.Nrf24l01_ResetPLOS) refers to nrf24l01.o(.bss) for SPI_MASTER_Buffer_Rx
    nrf24l01.o(i.Nrf24l01_SetAddr) refers to nrf24l01.o(i.Nrf24l01_GetAddWidth) for Nrf24l01_GetAddWidth
    nrf24l01.o(i.Nrf24l01_SetAddr) refers to stm32f10x_spi.o(i.SPI_I2S_SendData) for SPI_I2S_SendData
    nrf24l01.o(i.Nrf24l01_SetAddr) refers to nrf24l01.o(i.rf24l01_delay_ms) for rf24l01_delay_ms
    nrf24l01.o(i.Nrf24l01_SetAddr) refers to nrf24l01.o(i.Nrf24l01_cmd_write) for Nrf24l01_cmd_write
    nrf24l01.o(i.Nrf24l01_SetAddr) refers to nrf24l01.o(.data) for M_Rx
    nrf24l01.o(i.Nrf24l01_SetDataRate) refers to nrf24l01.o(i.Nrf24l01_cmd_read) for Nrf24l01_cmd_read
    nrf24l01.o(i.Nrf24l01_SetDataRate) refers to nrf24l01.o(i.Nrf24l01_cmd_write) for Nrf24l01_cmd_write
    nrf24l01.o(i.Nrf24l01_SetDataRate) refers to nrf24l01.o(.bss) for SPI_MASTER_Buffer_Rx
    nrf24l01.o(i.Nrf24l01_SetRFchannel) refers to nrf24l01.o(i.Nrf24l01_cmd_write) for Nrf24l01_cmd_write
    nrf24l01.o(i.Nrf24l01_SetRX) refers to nrf24l01.o(i.Nrf24l01_cmd_read) for Nrf24l01_cmd_read
    nrf24l01.o(i.Nrf24l01_SetRX) refers to nrf24l01.o(i.Nrf24l01_cmd_write) for Nrf24l01_cmd_write
    nrf24l01.o(i.Nrf24l01_SetRX) refers to nrf24l01.o(.bss) for SPI_MASTER_Buffer_Rx
    nrf24l01.o(i.Nrf24l01_SetTxPower) refers to nrf24l01.o(i.Nrf24l01_cmd_read) for Nrf24l01_cmd_read
    nrf24l01.o(i.Nrf24l01_SetTxPower) refers to nrf24l01.o(i.Nrf24l01_cmd_write) for Nrf24l01_cmd_write
    nrf24l01.o(i.Nrf24l01_SetTxPower) refers to nrf24l01.o(.bss) for SPI_MASTER_Buffer_Rx
    nrf24l01.o(i.Nrf24l01_cmd_read) refers to stm32f10x_spi.o(i.SPI_I2S_ITConfig) for SPI_I2S_ITConfig
    nrf24l01.o(i.Nrf24l01_cmd_read) refers to stm32f10x_spi.o(i.SPI_I2S_GetFlagStatus) for SPI_I2S_GetFlagStatus
    nrf24l01.o(i.Nrf24l01_cmd_read) refers to stm32f10x_spi.o(i.SPI_I2S_SendData) for SPI_I2S_SendData
    nrf24l01.o(i.Nrf24l01_cmd_read) refers to nrf24l01.o(i.rf24l01_delay_ms) for rf24l01_delay_ms
    nrf24l01.o(i.Nrf24l01_cmd_read) refers to nrf24l01.o(.data) for M_Rx
    nrf24l01.o(i.Nrf24l01_cmd_write) refers to stm32f10x_spi.o(i.SPI_I2S_ITConfig) for SPI_I2S_ITConfig
    nrf24l01.o(i.Nrf24l01_cmd_write) refers to stm32f10x_spi.o(i.SPI_I2S_GetFlagStatus) for SPI_I2S_GetFlagStatus
    nrf24l01.o(i.Nrf24l01_cmd_write) refers to stm32f10x_spi.o(i.SPI_I2S_SendData) for SPI_I2S_SendData
    nrf24l01.o(i.Nrf24l01_cmd_write) refers to nrf24l01.o(i.rf24l01_delay_ms) for rf24l01_delay_ms
    nrf24l01.o(i.Nrf24l01_cmd_write) refers to nrf24l01.o(.data) for M_Rx
    nrf24l01.o(i.Nrf24l01_cmd_write_PL) refers to stm32f10x_spi.o(i.SPI_I2S_ITConfig) for SPI_I2S_ITConfig
    nrf24l01.o(i.Nrf24l01_cmd_write_PL) refers to stm32f10x_spi.o(i.SPI_I2S_SendData) for SPI_I2S_SendData
    nrf24l01.o(i.Nrf24l01_cmd_write_PL) refers to nrf24l01.o(i.rf24l01_delay_ms) for rf24l01_delay_ms
    nrf24l01.o(i.Nrf24l01_cmd_write_PL) refers to printf5.o(i.__0printf$5) for __2printf
    nrf24l01.o(i.Nrf24l01_init) refers to nrf24l01.o(i.Nrf24l01_cmd_write) for Nrf24l01_cmd_write
    nrf24l01.o(i.nRF24L01_configuration) refers to stm32f10x_rcc.o(i.RCC_APB2PeriphClockCmd) for RCC_APB2PeriphClockCmd
    nrf24l01.o(i.nRF24L01_configuration) refers to stm32f10x_gpio.o(i.GPIO_Init) for GPIO_Init
    nrf24l01.o(i.nRF24L01_configuration) refers to stm32f10x_spi.o(i.SPI_Init) for SPI_Init
    nrf24l01.o(i.nRF24L01_configuration) refers to stm32f10x_spi.o(i.SPI_I2S_ITConfig) for SPI_I2S_ITConfig
    nrf24l01.o(i.nRF24L01_configuration) refers to stm32f10x_spi.o(i.SPI_Cmd) for SPI_Cmd
    nrf24l01.o(i.nRF24L01_configuration) refers to misc.o(i.NVIC_Init) for NVIC_Init
    nrf24l01.o(i.nRF24L01_configuration) refers to usart.o(.data) for GPIO_InitStructure
    nrf24l01.o(i.nRF24L01_configuration) refers to spi.o(.bss) for SPI_InitStructure
    nrf24l01.o(i.nRF24_GetIRQFlags) refers to nrf24l01.o(i.Nrf24l01_cmd_read) for Nrf24l01_cmd_read
    nrf24l01.o(i.nRF24_GetIRQFlags) refers to nrf24l01.o(.bss) for SPI_MASTER_Buffer_Rx
    nrf24l01.o(i.nRF24_GetRXSource) refers to nrf24l01.o(i.Nrf24l01_cmd_read) for Nrf24l01_cmd_read
    nrf24l01.o(i.nRF24_GetRXSource) refers to nrf24l01.o(.bss) for SPI_MASTER_Buffer_Rx
    nrf24l01.o(i.nRF24_GetReTInfo) refers to nrf24l01.o(i.Nrf24l01_cmd_read) for Nrf24l01_cmd_read
    nrf24l01.o(i.nRF24_GetReTInfo) refers to nrf24l01.o(.bss) for SPI_MASTER_Buffer_Rx
    entry.o(.ARM.Collect$$$$00000000) refers (Special) to entry10a.o(.ARM.Collect$$$$0000000F) for __rt_final_cpp
    entry.o(.ARM.Collect$$$$00000000) refers (Special) to entry11a.o(.ARM.Collect$$$$00000011) for __rt_final_exit
    entry.o(.ARM.Collect$$$$00000000) refers (Special) to entry12b.o(.ARM.Collect$$$$0000000E) for __rt_lib_shutdown_fini
    entry.o(.ARM.Collect$$$$00000000) refers (Special) to entry7b.o(.ARM.Collect$$$$00000008) for _main_clock
    entry.o(.ARM.Collect$$$$00000000) refers (Special) to entry8b.o(.ARM.Collect$$$$0000000A) for _main_cpp_init
    entry.o(.ARM.Collect$$$$00000000) refers (Special) to entry9a.o(.ARM.Collect$$$$0000000B) for _main_init
    entry.o(.ARM.Collect$$$$00000000) refers (Special) to entry5.o(.ARM.Collect$$$$00000004) for _main_scatterload
    entry.o(.ARM.Collect$$$$00000000) refers (Special) to entry2.o(.ARM.Collect$$$$00000001) for _main_stk
    printfb.o(i.__0fprintf$bare) refers to printfb.o(i._printf_core) for _printf_core
    printfb.o(i.__0fprintf$bare) refers to usart.o(i.fputc) for fputc
    printfb.o(i.__0printf$bare) refers to printfb.o(i._printf_core) for _printf_core
    printfb.o(i.__0printf$bare) refers to usart.o(i.fputc) for fputc
    printfb.o(i.__0printf$bare) refers to stdout.o(.data) for __stdout
    printfb.o(i.__0snprintf$bare) refers to printfb.o(i._printf_core) for _printf_core
    printfb.o(i.__0snprintf$bare) refers to printfb.o(i._snputc) for _snputc
    printfb.o(i.__0sprintf$bare) refers to printfb.o(i._printf_core) for _printf_core
    printfb.o(i.__0sprintf$bare) refers to printfb.o(i._sputc) for _sputc
    printfb.o(i.__0vfprintf$bare) refers to printfb.o(i._printf_core) for _printf_core
    printfb.o(i.__0vfprintf$bare) refers to usart.o(i.fputc) for fputc
    printfb.o(i.__0vprintf$bare) refers to printfb.o(i._printf_core) for _printf_core
    printfb.o(i.__0vprintf$bare) refers to usart.o(i.fputc) for fputc
    printfb.o(i.__0vprintf$bare) refers to stdout.o(.data) for __stdout
    printfb.o(i.__0vsnprintf$bare) refers to printfb.o(i._printf_core) for _printf_core
    printfb.o(i.__0vsnprintf$bare) refers to printfb.o(i._snputc) for _snputc
    printfb.o(i.__0vsprintf$bare) refers to printfb.o(i._printf_core) for _printf_core
    printfb.o(i.__0vsprintf$bare) refers to printfb.o(i._sputc) for _sputc
    printf0.o(i.__0fprintf$0) refers to printf0.o(i._printf_core) for _printf_core
    printf0.o(i.__0fprintf$0) refers to usart.o(i.fputc) for fputc
    printf0.o(i.__0printf$0) refers to printf0.o(i._printf_core) for _printf_core
    printf0.o(i.__0printf$0) refers to usart.o(i.fputc) for fputc
    printf0.o(i.__0printf$0) refers to stdout.o(.data) for __stdout
    printf0.o(i.__0snprintf$0) refers to printf0.o(i._printf_core) for _printf_core
    printf0.o(i.__0snprintf$0) refers to printf0.o(i._snputc) for _snputc
    printf0.o(i.__0sprintf$0) refers to printf0.o(i._printf_core) for _printf_core
    printf0.o(i.__0sprintf$0) refers to printf0.o(i._sputc) for _sputc
    printf0.o(i.__0vfprintf$0) refers to printf0.o(i._printf_core) for _printf_core
    printf0.o(i.__0vfprintf$0) refers to usart.o(i.fputc) for fputc
    printf0.o(i.__0vprintf$0) refers to printf0.o(i._printf_core) for _printf_core
    printf0.o(i.__0vprintf$0) refers to usart.o(i.fputc) for fputc
    printf0.o(i.__0vprintf$0) refers to stdout.o(.data) for __stdout
    printf0.o(i.__0vsnprintf$0) refers to printf0.o(i._printf_core) for _printf_core
    printf0.o(i.__0vsnprintf$0) refers to printf0.o(i._snputc) for _snputc
    printf0.o(i.__0vsprintf$0) refers to printf0.o(i._printf_core) for _printf_core
    printf0.o(i.__0vsprintf$0) refers to printf0.o(i._sputc) for _sputc
    printf1.o(i.__0fprintf$1) refers to printf1.o(i._printf_core) for _printf_core
    printf1.o(i.__0fprintf$1) refers to usart.o(i.fputc) for fputc
    printf1.o(i.__0printf$1) refers to printf1.o(i._printf_core) for _printf_core
    printf1.o(i.__0printf$1) refers to usart.o(i.fputc) for fputc
    printf1.o(i.__0printf$1) refers to stdout.o(.data) for __stdout
    printf1.o(i.__0snprintf$1) refers to printf1.o(i._printf_core) for _printf_core
    printf1.o(i.__0snprintf$1) refers to printf1.o(i._snputc) for _snputc
    printf1.o(i.__0sprintf$1) refers to printf1.o(i._printf_core) for _printf_core
    printf1.o(i.__0sprintf$1) refers to printf1.o(i._sputc) for _sputc
    printf1.o(i.__0vfprintf$1) refers to printf1.o(i._printf_core) for _printf_core
    printf1.o(i.__0vfprintf$1) refers to usart.o(i.fputc) for fputc
    printf1.o(i.__0vprintf$1) refers to printf1.o(i._printf_core) for _printf_core
    printf1.o(i.__0vprintf$1) refers to usart.o(i.fputc) for fputc
    printf1.o(i.__0vprintf$1) refers to stdout.o(.data) for __stdout
    printf1.o(i.__0vsnprintf$1) refers to printf1.o(i._printf_core) for _printf_core
    printf1.o(i.__0vsnprintf$1) refers to printf1.o(i._snputc) for _snputc
    printf1.o(i.__0vsprintf$1) refers to printf1.o(i._printf_core) for _printf_core
    printf1.o(i.__0vsprintf$1) refers to printf1.o(i._sputc) for _sputc
    printf1.o(i._printf_core) refers to uidiv.o(.text) for __aeabi_uidivmod
    printf2.o(i.__0fprintf$2) refers to printf2.o(i._printf_core) for _printf_core
    printf2.o(i.__0fprintf$2) refers to usart.o(i.fputc) for fputc
    printf2.o(i.__0printf$2) refers to printf2.o(i._printf_core) for _printf_core
    printf2.o(i.__0printf$2) refers to usart.o(i.fputc) for fputc
    printf2.o(i.__0printf$2) refers to stdout.o(.data) for __stdout
    printf2.o(i.__0snprintf$2) refers to printf2.o(i._printf_core) for _printf_core
    printf2.o(i.__0snprintf$2) refers to printf2.o(i._snputc) for _snputc
    printf2.o(i.__0sprintf$2) refers to printf2.o(i._printf_core) for _printf_core
    printf2.o(i.__0sprintf$2) refers to printf2.o(i._sputc) for _sputc
    printf2.o(i.__0vfprintf$2) refers to printf2.o(i._printf_core) for _printf_core
    printf2.o(i.__0vfprintf$2) refers to usart.o(i.fputc) for fputc
    printf2.o(i.__0vprintf$2) refers to printf2.o(i._printf_core) for _printf_core
    printf2.o(i.__0vprintf$2) refers to usart.o(i.fputc) for fputc
    printf2.o(i.__0vprintf$2) refers to stdout.o(.data) for __stdout
    printf2.o(i.__0vsnprintf$2) refers to printf2.o(i._printf_core) for _printf_core
    printf2.o(i.__0vsnprintf$2) refers to printf2.o(i._snputc) for _snputc
    printf2.o(i.__0vsprintf$2) refers to printf2.o(i._printf_core) for _printf_core
    printf2.o(i.__0vsprintf$2) refers to printf2.o(i._sputc) for _sputc
    printf3.o(i.__0fprintf$3) refers to printf3.o(i._printf_core) for _printf_core
    printf3.o(i.__0fprintf$3) refers to usart.o(i.fputc) for fputc
    printf3.o(i.__0printf$3) refers to printf3.o(i._printf_core) for _printf_core
    printf3.o(i.__0printf$3) refers to usart.o(i.fputc) for fputc
    printf3.o(i.__0printf$3) refers to stdout.o(.data) for __stdout
    printf3.o(i.__0snprintf$3) refers to printf3.o(i._printf_core) for _printf_core
    printf3.o(i.__0snprintf$3) refers to printf3.o(i._snputc) for _snputc
    printf3.o(i.__0sprintf$3) refers to printf3.o(i._printf_core) for _printf_core
    printf3.o(i.__0sprintf$3) refers to printf3.o(i._sputc) for _sputc
    printf3.o(i.__0vfprintf$3) refers to printf3.o(i._printf_core) for _printf_core
    printf3.o(i.__0vfprintf$3) refers to usart.o(i.fputc) for fputc
    printf3.o(i.__0vprintf$3) refers to printf3.o(i._printf_core) for _printf_core
    printf3.o(i.__0vprintf$3) refers to usart.o(i.fputc) for fputc
    printf3.o(i.__0vprintf$3) refers to stdout.o(.data) for __stdout
    printf3.o(i.__0vsnprintf$3) refers to printf3.o(i._printf_core) for _printf_core
    printf3.o(i.__0vsnprintf$3) refers to printf3.o(i._snputc) for _snputc
    printf3.o(i.__0vsprintf$3) refers to printf3.o(i._printf_core) for _printf_core
    printf3.o(i.__0vsprintf$3) refers to printf3.o(i._sputc) for _sputc
    printf3.o(i._printf_core) refers to uidiv.o(.text) for __aeabi_uidivmod
    printf4.o(i.__0fprintf$4) refers to printf4.o(i._printf_core) for _printf_core
    printf4.o(i.__0fprintf$4) refers to usart.o(i.fputc) for fputc
    printf4.o(i.__0printf$4) refers to printf4.o(i._printf_core) for _printf_core
    printf4.o(i.__0printf$4) refers to usart.o(i.fputc) for fputc
    printf4.o(i.__0printf$4) refers to stdout.o(.data) for __stdout
    printf4.o(i.__0snprintf$4) refers to printf4.o(i._printf_core) for _printf_core
    printf4.o(i.__0snprintf$4) refers to printf4.o(i._snputc) for _snputc
    printf4.o(i.__0sprintf$4) refers to printf4.o(i._printf_core) for _printf_core
    printf4.o(i.__0sprintf$4) refers to printf4.o(i._sputc) for _sputc
    printf4.o(i.__0vfprintf$4) refers to printf4.o(i._printf_core) for _printf_core
    printf4.o(i.__0vfprintf$4) refers to usart.o(i.fputc) for fputc
    printf4.o(i.__0vprintf$4) refers to printf4.o(i._printf_core) for _printf_core
    printf4.o(i.__0vprintf$4) refers to usart.o(i.fputc) for fputc
    printf4.o(i.__0vprintf$4) refers to stdout.o(.data) for __stdout
    printf4.o(i.__0vsnprintf$4) refers to printf4.o(i._printf_core) for _printf_core
    printf4.o(i.__0vsnprintf$4) refers to printf4.o(i._snputc) for _snputc
    printf4.o(i.__0vsprintf$4) refers to printf4.o(i._printf_core) for _printf_core
    printf4.o(i.__0vsprintf$4) refers to printf4.o(i._sputc) for _sputc
    printf4.o(i._printf_core) refers to uldiv.o(.text) for __aeabi_uldivmod
    printf5.o(i.__0fprintf$5) refers to printf5.o(i._printf_core) for _printf_core
    printf5.o(i.__0fprintf$5) refers to usart.o(i.fputc) for fputc
    printf5.o(i.__0printf$5) refers to printf5.o(i._printf_core) for _printf_core
    printf5.o(i.__0printf$5) refers to usart.o(i.fputc) for fputc
    printf5.o(i.__0printf$5) refers to stdout.o(.data) for __stdout
    printf5.o(i.__0snprintf$5) refers to printf5.o(i._printf_core) for _printf_core
    printf5.o(i.__0snprintf$5) refers to printf5.o(i._snputc) for _snputc
    printf5.o(i.__0sprintf$5) refers to printf5.o(i._printf_core) for _printf_core
    printf5.o(i.__0sprintf$5) refers to printf5.o(i._sputc) for _sputc
    printf5.o(i.__0vfprintf$5) refers to printf5.o(i._printf_core) for _printf_core
    printf5.o(i.__0vfprintf$5) refers to usart.o(i.fputc) for fputc
    printf5.o(i.__0vprintf$5) refers to printf5.o(i._printf_core) for _printf_core
    printf5.o(i.__0vprintf$5) refers to usart.o(i.fputc) for fputc
    printf5.o(i.__0vprintf$5) refers to stdout.o(.data) for __stdout
    printf5.o(i.__0vsnprintf$5) refers to printf5.o(i._printf_core) for _printf_core
    printf5.o(i.__0vsnprintf$5) refers to printf5.o(i._snputc) for _snputc
    printf5.o(i.__0vsprintf$5) refers to printf5.o(i._printf_core) for _printf_core
    printf5.o(i.__0vsprintf$5) refers to printf5.o(i._sputc) for _sputc
    printf5.o(i._printf_core) refers to uldiv.o(.text) for __aeabi_uldivmod
    printf6.o(i.__0fprintf$6) refers to printf6.o(i._printf_core) for _printf_core
    printf6.o(i.__0fprintf$6) refers to usart.o(i.fputc) for fputc
    printf6.o(i.__0printf$6) refers to printf6.o(i._printf_core) for _printf_core
    printf6.o(i.__0printf$6) refers to usart.o(i.fputc) for fputc
    printf6.o(i.__0printf$6) refers to stdout.o(.data) for __stdout
    printf6.o(i.__0snprintf$6) refers to printf6.o(i._printf_core) for _printf_core
    printf6.o(i.__0snprintf$6) refers to printf6.o(i._snputc) for _snputc
    printf6.o(i.__0sprintf$6) refers to printf6.o(i._printf_core) for _printf_core
    printf6.o(i.__0sprintf$6) refers to printf6.o(i._sputc) for _sputc
    printf6.o(i.__0vfprintf$6) refers to printf6.o(i._printf_core) for _printf_core
    printf6.o(i.__0vfprintf$6) refers to usart.o(i.fputc) for fputc
    printf6.o(i.__0vprintf$6) refers to printf6.o(i._printf_core) for _printf_core
    printf6.o(i.__0vprintf$6) refers to usart.o(i.fputc) for fputc
    printf6.o(i.__0vprintf$6) refers to stdout.o(.data) for __stdout
    printf6.o(i.__0vsnprintf$6) refers to printf6.o(i._printf_core) for _printf_core
    printf6.o(i.__0vsnprintf$6) refers to printf6.o(i._snputc) for _snputc
    printf6.o(i.__0vsprintf$6) refers to printf6.o(i._printf_core) for _printf_core
    printf6.o(i.__0vsprintf$6) refers to printf6.o(i._sputc) for _sputc
    printf6.o(i._printf_core) refers to printf6.o(i._printf_pre_padding) for _printf_pre_padding
    printf6.o(i._printf_core) refers to uidiv.o(.text) for __aeabi_uidivmod
    printf6.o(i._printf_core) refers to printf6.o(i._printf_post_padding) for _printf_post_padding
    printf7.o(i.__0fprintf$7) refers to printf7.o(i._printf_core) for _printf_core
    printf7.o(i.__0fprintf$7) refers to usart.o(i.fputc) for fputc
    printf7.o(i.__0printf$7) refers to printf7.o(i._printf_core) for _printf_core
    printf7.o(i.__0printf$7) refers to usart.o(i.fputc) for fputc
    printf7.o(i.__0printf$7) refers to stdout.o(.data) for __stdout
    printf7.o(i.__0snprintf$7) refers to printf7.o(i._printf_core) for _printf_core
    printf7.o(i.__0snprintf$7) refers to printf7.o(i._snputc) for _snputc
    printf7.o(i.__0sprintf$7) refers to printf7.o(i._printf_core) for _printf_core
    printf7.o(i.__0sprintf$7) refers to printf7.o(i._sputc) for _sputc
    printf7.o(i.__0vfprintf$7) refers to printf7.o(i._printf_core) for _printf_core
    printf7.o(i.__0vfprintf$7) refers to usart.o(i.fputc) for fputc
    printf7.o(i.__0vprintf$7) refers to printf7.o(i._printf_core) for _printf_core
    printf7.o(i.__0vprintf$7) refers to usart.o(i.fputc) for fputc
    printf7.o(i.__0vprintf$7) refers to stdout.o(.data) for __stdout
    printf7.o(i.__0vsnprintf$7) refers to printf7.o(i._printf_core) for _printf_core
    printf7.o(i.__0vsnprintf$7) refers to printf7.o(i._snputc) for _snputc
    printf7.o(i.__0vsprintf$7) refers to printf7.o(i._printf_core) for _printf_core
    printf7.o(i.__0vsprintf$7) refers to printf7.o(i._sputc) for _sputc
    printf7.o(i._printf_core) refers to printf7.o(i._printf_pre_padding) for _printf_pre_padding
    printf7.o(i._printf_core) refers to uldiv.o(.text) for __aeabi_uldivmod
    printf7.o(i._printf_core) refers to printf7.o(i._printf_post_padding) for _printf_post_padding
    printf8.o(i.__0fprintf$8) refers to printf8.o(i._printf_core) for _printf_core
    printf8.o(i.__0fprintf$8) refers to usart.o(i.fputc) for fputc
    printf8.o(i.__0printf$8) refers to printf8.o(i._printf_core) for _printf_core
    printf8.o(i.__0printf$8) refers to usart.o(i.fputc) for fputc
    printf8.o(i.__0printf$8) refers to stdout.o(.data) for __stdout
    printf8.o(i.__0snprintf$8) refers to printf8.o(i._printf_core) for _printf_core
    printf8.o(i.__0snprintf$8) refers to printf8.o(i._snputc) for _snputc
    printf8.o(i.__0sprintf$8) refers to printf8.o(i._printf_core) for _printf_core
    printf8.o(i.__0sprintf$8) refers to printf8.o(i._sputc) for _sputc
    printf8.o(i.__0vfprintf$8) refers to printf8.o(i._printf_core) for _printf_core
    printf8.o(i.__0vfprintf$8) refers to usart.o(i.fputc) for fputc
    printf8.o(i.__0vprintf$8) refers to printf8.o(i._printf_core) for _printf_core
    printf8.o(i.__0vprintf$8) refers to usart.o(i.fputc) for fputc
    printf8.o(i.__0vprintf$8) refers to stdout.o(.data) for __stdout
    printf8.o(i.__0vsnprintf$8) refers to printf8.o(i._printf_core) for _printf_core
    printf8.o(i.__0vsnprintf$8) refers to printf8.o(i._snputc) for _snputc
    printf8.o(i.__0vsprintf$8) refers to printf8.o(i._printf_core) for _printf_core
    printf8.o(i.__0vsprintf$8) refers to printf8.o(i._sputc) for _sputc
    printf8.o(i._printf_core) refers to printf8.o(i._printf_pre_padding) for _printf_pre_padding
    printf8.o(i._printf_core) refers to uldiv.o(.text) for __aeabi_uldivmod
    printf8.o(i._printf_core) refers to printf8.o(i._printf_post_padding) for _printf_post_padding
    printfa.o(i.__0fprintf) refers (Special) to iusefp.o(.text) for __I$use$fp
    printfa.o(i.__0fprintf) refers to printfa.o(i._printf_core) for _printf_core
    printfa.o(i.__0fprintf) refers to usart.o(i.fputc) for fputc
    printfa.o(i.__0printf) refers (Special) to iusefp.o(.text) for __I$use$fp
    printfa.o(i.__0printf) refers to printfa.o(i._printf_core) for _printf_core
    printfa.o(i.__0printf) refers to usart.o(i.fputc) for fputc
    printfa.o(i.__0printf) refers to stdout.o(.data) for __stdout
    printfa.o(i.__0snprintf) refers (Special) to iusefp.o(.text) for __I$use$fp
    printfa.o(i.__0snprintf) refers to printfa.o(i._printf_core) for _printf_core
    printfa.o(i.__0snprintf) refers to printfa.o(i._snputc) for _snputc
    printfa.o(i.__0sprintf) refers (Special) to iusefp.o(.text) for __I$use$fp
    printfa.o(i.__0sprintf) refers to printfa.o(i._printf_core) for _printf_core
    printfa.o(i.__0sprintf) refers to printfa.o(i._sputc) for _sputc
    printfa.o(i.__0vfprintf) refers (Special) to iusefp.o(.text) for __I$use$fp
    printfa.o(i.__0vfprintf) refers to printfa.o(i._printf_core) for _printf_core
    printfa.o(i.__0vfprintf) refers to usart.o(i.fputc) for fputc
    printfa.o(i.__0vprintf) refers (Special) to iusefp.o(.text) for __I$use$fp
    printfa.o(i.__0vprintf) refers to printfa.o(i._printf_core) for _printf_core
    printfa.o(i.__0vprintf) refers to usart.o(i.fputc) for fputc
    printfa.o(i.__0vprintf) refers to stdout.o(.data) for __stdout
    printfa.o(i.__0vsnprintf) refers (Special) to iusefp.o(.text) for __I$use$fp
    printfa.o(i.__0vsnprintf) refers to printfa.o(i._printf_core) for _printf_core
    printfa.o(i.__0vsnprintf) refers to printfa.o(i._snputc) for _snputc
    printfa.o(i.__0vsprintf) refers (Special) to iusefp.o(.text) for __I$use$fp
    printfa.o(i.__0vsprintf) refers to printfa.o(i._printf_core) for _printf_core
    printfa.o(i.__0vsprintf) refers to printfa.o(i._sputc) for _sputc
    printfa.o(i._fp_digits) refers (Special) to iusefp.o(.text) for __I$use$fp
    printfa.o(i._fp_digits) refers to dmul.o(.text) for __aeabi_dmul
    printfa.o(i._fp_digits) refers to ddiv.o(.text) for __aeabi_ddiv
    printfa.o(i._fp_digits) refers to cdrcmple.o(.text) for __aeabi_cdrcmple
    printfa.o(i._fp_digits) refers to dadd.o(.text) for __aeabi_dadd
    printfa.o(i._fp_digits) refers to dfixul.o(.text) for __aeabi_d2ulz
    printfa.o(i._fp_digits) refers to uldiv.o(.text) for __aeabi_uldivmod
    printfa.o(i._printf_core) refers (Special) to iusefp.o(.text) for __I$use$fp
    printfa.o(i._printf_core) refers to printfa.o(i._printf_pre_padding) for _printf_pre_padding
    printfa.o(i._printf_core) refers to uldiv.o(.text) for __aeabi_uldivmod
    printfa.o(i._printf_core) refers to printfa.o(i._printf_post_padding) for _printf_post_padding
    printfa.o(i._printf_core) refers to printfa.o(i._fp_digits) for _fp_digits
    printfa.o(i._printf_core) refers to uidiv.o(.text) for __aeabi_uidivmod
    printfa.o(i._printf_post_padding) refers (Special) to iusefp.o(.text) for __I$use$fp
    printfa.o(i._printf_pre_padding) refers (Special) to iusefp.o(.text) for __I$use$fp
    printfa.o(i._snputc) refers (Special) to iusefp.o(.text) for __I$use$fp
    printfa.o(i._sputc) refers (Special) to iusefp.o(.text) for __I$use$fp
    entry2.o(.ARM.Collect$$$$00000001) refers to entry2.o(.ARM.Collect$$$$00002712) for __lit__00000000
    entry2.o(.ARM.Collect$$$$00002712) refers to startup_stm32f10x_md.o(STACK) for __initial_sp
    entry2.o(__vectab_stack_and_reset_area) refers to startup_stm32f10x_md.o(STACK) for __initial_sp
    entry2.o(__vectab_stack_and_reset_area) refers to entry.o(.ARM.Collect$$$$00000000) for __main
    entry5.o(.ARM.Collect$$$$00000004) refers to init.o(.text) for __scatterload
    entry9a.o(.ARM.Collect$$$$0000000B) refers to main.o(i.main) for main
    entry9b.o(.ARM.Collect$$$$0000000C) refers to main.o(i.main) for main
    uldiv.o(.text) refers to llushr.o(.text) for __aeabi_llsr
    uldiv.o(.text) refers to llshl.o(.text) for __aeabi_llsl
    dadd.o(.text) refers to llshl.o(.text) for __aeabi_llsl
    dadd.o(.text) refers to llsshr.o(.text) for __aeabi_lasr
    dadd.o(.text) refers to depilogue.o(.text) for _double_epilogue
    dmul.o(.text) refers to depilogue.o(.text) for _double_epilogue
    ddiv.o(.text) refers to depilogue.o(.text) for _double_round
    dfixul.o(.text) refers to llushr.o(.text) for __aeabi_llsr
    dfixul.o(.text) refers to llshl.o(.text) for __aeabi_llsl
    init.o(.text) refers to entry5.o(.ARM.Collect$$$$00000004) for __main_after_scatterload
    depilogue.o(.text) refers to llshl.o(.text) for __aeabi_llsl
    depilogue.o(.text) refers to llushr.o(.text) for __aeabi_llsr


==============================================================================

Removing Unused input sections from the image.

    Removing core_cm3.o(.emb_text), (32 bytes).
    Removing startup_stm32f10x_md.o(HEAP), (512 bytes).
    Removing misc.o(i.NVIC_PriorityGroupConfig), (20 bytes).
    Removing misc.o(i.NVIC_SetVectorTable), (20 bytes).
    Removing misc.o(i.NVIC_SystemLPConfig), (32 bytes).
    Removing misc.o(i.SysTick_CLKSourceConfig), (40 bytes).
    Removing stm32f10x_gpio.o(i.GPIO_AFIODeInit), (20 bytes).
    Removing stm32f10x_gpio.o(i.GPIO_DeInit), (200 bytes).
    Removing stm32f10x_gpio.o(i.GPIO_ETH_MediaInterfaceConfig), (12 bytes).
    Removing stm32f10x_gpio.o(i.GPIO_EXTILineConfig), (64 bytes).
    Removing stm32f10x_gpio.o(i.GPIO_EventOutputCmd), (12 bytes).
    Removing stm32f10x_gpio.o(i.GPIO_EventOutputConfig), (32 bytes).
    Removing stm32f10x_gpio.o(i.GPIO_PinLockConfig), (18 bytes).
    Removing stm32f10x_gpio.o(i.GPIO_PinRemapConfig), (144 bytes).
    Removing stm32f10x_gpio.o(i.GPIO_ReadInputData), (8 bytes).
    Removing stm32f10x_gpio.o(i.GPIO_ReadInputDataBit), (18 bytes).
    Removing stm32f10x_gpio.o(i.GPIO_ReadOutputData), (8 bytes).
    Removing stm32f10x_gpio.o(i.GPIO_ReadOutputDataBit), (18 bytes).
    Removing stm32f10x_gpio.o(i.GPIO_ResetBits), (4 bytes).
    Removing stm32f10x_gpio.o(i.GPIO_SetBits), (4 bytes).
    Removing stm32f10x_gpio.o(i.GPIO_StructInit), (16 bytes).
    Removing stm32f10x_gpio.o(i.GPIO_Write), (4 bytes).
    Removing stm32f10x_gpio.o(i.GPIO_WriteBit), (10 bytes).
    Removing stm32f10x_rcc.o(i.RCC_ADCCLKConfig), (24 bytes).
    Removing stm32f10x_rcc.o(i.RCC_AHBPeriphClockCmd), (32 bytes).
    Removing stm32f10x_rcc.o(i.RCC_APB1PeriphResetCmd), (32 bytes).
    Removing stm32f10x_rcc.o(i.RCC_APB2PeriphResetCmd), (32 bytes).
    Removing stm32f10x_rcc.o(i.RCC_AdjustHSICalibrationValue), (24 bytes).
    Removing stm32f10x_rcc.o(i.RCC_BackupResetCmd), (12 bytes).
    Removing stm32f10x_rcc.o(i.RCC_ClearFlag), (20 bytes).
    Removing stm32f10x_rcc.o(i.RCC_ClearITPendingBit), (12 bytes).
    Removing stm32f10x_rcc.o(i.RCC_ClockSecuritySystemCmd), (12 bytes).
    Removing stm32f10x_rcc.o(i.RCC_GetITStatus), (24 bytes).
    Removing stm32f10x_rcc.o(i.RCC_HSICmd), (12 bytes).
    Removing stm32f10x_rcc.o(i.RCC_ITConfig), (32 bytes).
    Removing stm32f10x_rcc.o(i.RCC_LSEConfig), (52 bytes).
    Removing stm32f10x_rcc.o(i.RCC_LSICmd), (12 bytes).
    Removing stm32f10x_rcc.o(i.RCC_MCOConfig), (12 bytes).
    Removing stm32f10x_rcc.o(i.RCC_RTCCLKCmd), (12 bytes).
    Removing stm32f10x_rcc.o(i.RCC_RTCCLKConfig), (16 bytes).
    Removing stm32f10x_rcc.o(i.RCC_USBCLKConfig), (12 bytes).
    Removing stm32f10x_usart.o(i.USART_ClearITPendingBit), (30 bytes).
    Removing stm32f10x_usart.o(i.USART_ClockInit), (34 bytes).
    Removing stm32f10x_usart.o(i.USART_ClockStructInit), (12 bytes).
    Removing stm32f10x_usart.o(i.USART_DMACmd), (18 bytes).
    Removing stm32f10x_usart.o(i.USART_DeInit), (156 bytes).
    Removing stm32f10x_usart.o(i.USART_GetITStatus), (84 bytes).
    Removing stm32f10x_usart.o(i.USART_HalfDuplexCmd), (24 bytes).
    Removing stm32f10x_usart.o(i.USART_IrDACmd), (24 bytes).
    Removing stm32f10x_usart.o(i.USART_IrDAConfig), (18 bytes).
    Removing stm32f10x_usart.o(i.USART_LINBreakDetectLengthConfig), (18 bytes).
    Removing stm32f10x_usart.o(i.USART_LINCmd), (24 bytes).
    Removing stm32f10x_usart.o(i.USART_OneBitMethodCmd), (24 bytes).
    Removing stm32f10x_usart.o(i.USART_OverSampling8Cmd), (22 bytes).
    Removing stm32f10x_usart.o(i.USART_ReceiveData), (10 bytes).
    Removing stm32f10x_usart.o(i.USART_ReceiverWakeUpCmd), (24 bytes).
    Removing stm32f10x_usart.o(i.USART_SendBreak), (10 bytes).
    Removing stm32f10x_usart.o(i.USART_SetAddress), (18 bytes).
    Removing stm32f10x_usart.o(i.USART_SetGuardTime), (16 bytes).
    Removing stm32f10x_usart.o(i.USART_SetPrescaler), (16 bytes).
    Removing stm32f10x_usart.o(i.USART_SmartCardCmd), (24 bytes).
    Removing stm32f10x_usart.o(i.USART_SmartCardNACKCmd), (24 bytes).
    Removing stm32f10x_usart.o(i.USART_StructInit), (24 bytes).
    Removing stm32f10x_usart.o(i.USART_WakeUpConfig), (18 bytes).
    Removing stm32f10x_flash.o(i.FLASH_ClearFlag), (12 bytes).
    Removing stm32f10x_flash.o(i.FLASH_EnableWriteProtection), (196 bytes).
    Removing stm32f10x_flash.o(i.FLASH_EraseAllBank1Pages), (72 bytes).
    Removing stm32f10x_flash.o(i.FLASH_EraseAllPages), (72 bytes).
    Removing stm32f10x_flash.o(i.FLASH_EraseOptionBytes), (168 bytes).
    Removing stm32f10x_flash.o(i.FLASH_ErasePage), (76 bytes).
    Removing stm32f10x_flash.o(i.FLASH_GetBank1Status), (52 bytes).
    Removing stm32f10x_flash.o(i.FLASH_GetFlagStatus), (48 bytes).
    Removing stm32f10x_flash.o(i.FLASH_GetPrefetchBufferStatus), (24 bytes).
    Removing stm32f10x_flash.o(i.FLASH_GetReadOutProtectionStatus), (24 bytes).
    Removing stm32f10x_flash.o(i.FLASH_GetStatus), (52 bytes).
    Removing stm32f10x_flash.o(i.FLASH_GetUserOptionByte), (12 bytes).
    Removing stm32f10x_flash.o(i.FLASH_GetWriteProtectionOptionByte), (12 bytes).
    Removing stm32f10x_flash.o(i.FLASH_HalfCycleAccessCmd), (28 bytes).
    Removing stm32f10x_flash.o(i.FLASH_ITConfig), (32 bytes).
    Removing stm32f10x_flash.o(i.FLASH_Lock), (20 bytes).
    Removing stm32f10x_flash.o(i.FLASH_LockBank1), (20 bytes).
    Removing stm32f10x_flash.o(i.FLASH_ProgramHalfWord), (64 bytes).
    Removing stm32f10x_flash.o(i.FLASH_ProgramOptionByteData), (84 bytes).
    Removing stm32f10x_flash.o(i.FLASH_ProgramWord), (108 bytes).
    Removing stm32f10x_flash.o(i.FLASH_ReadOutProtection), (172 bytes).
    Removing stm32f10x_flash.o(i.FLASH_Unlock), (24 bytes).
    Removing stm32f10x_flash.o(i.FLASH_UnlockBank1), (24 bytes).
    Removing stm32f10x_flash.o(i.FLASH_UserOptionByteConfig), (104 bytes).
    Removing stm32f10x_flash.o(i.FLASH_WaitForLastBank1Operation), (38 bytes).
    Removing stm32f10x_flash.o(i.FLASH_WaitForLastOperation), (38 bytes).
    Removing stm32f10x_spi.o(i.I2S_Cmd), (24 bytes).
    Removing stm32f10x_spi.o(i.I2S_Init), (232 bytes).
    Removing stm32f10x_spi.o(i.I2S_StructInit), (20 bytes).
    Removing stm32f10x_spi.o(i.SPI_BiDirectionalLineConfig), (28 bytes).
    Removing stm32f10x_spi.o(i.SPI_CalculateCRC), (24 bytes).
    Removing stm32f10x_spi.o(i.SPI_DataSizeConfig), (18 bytes).
    Removing stm32f10x_spi.o(i.SPI_GetCRC), (16 bytes).
    Removing stm32f10x_spi.o(i.SPI_GetCRCPolynomial), (6 bytes).
    Removing stm32f10x_spi.o(i.SPI_I2S_DMACmd), (18 bytes).
    Removing stm32f10x_spi.o(i.SPI_I2S_DeInit), (88 bytes).
    Removing stm32f10x_spi.o(i.SPI_NSSInternalSoftwareConfig), (30 bytes).
    Removing stm32f10x_spi.o(i.SPI_SSOutputCmd), (24 bytes).
    Removing stm32f10x_spi.o(i.SPI_StructInit), (24 bytes).
    Removing stm32f10x_spi.o(i.SPI_TransmitCRC), (10 bytes).
    Removing system_stm32f10x.o(i.SystemCoreClockUpdate), (164 bytes).
    Removing sysclk.o(i.Clock_HSI_Configuration), (80 bytes).
    Removing systick.o(i.Dms_sys_noint), (48 bytes).
    Removing systick.o(i.SysTick_Configuration), (24 bytes).
    Removing spi.o(i.SPI1_Master_Configuration), (172 bytes).
    Removing spi.o(i.SPI2_Slave_Configuration), (188 bytes).
    Removing nrf24l01.o(i.Nrf24l01_EN_DPL), (88 bytes).
    Removing nrf24l01.o(i.Nrf24l01_FlushRX), (56 bytes).
    Removing nrf24l01.o(i.Nrf24l01_Get_Status_RXFIFO), (24 bytes).
    Removing nrf24l01.o(i.Nrf24l01_Get_Status_TXFIFO), (24 bytes).
    Removing nrf24l01.o(i.Nrf24l01_Read_PL), (152 bytes).
    Removing nrf24l01.o(i.Nrf24l01_ResetPLOS), (32 bytes).
    Removing nrf24l01.o(i.Nrf24l01_SetRX), (268 bytes).
    Removing nrf24l01.o(i.nRF24_GetIRQFlags), (24 bytes).
    Removing nrf24l01.o(i.nRF24_GetRXSource), (24 bytes).
    Removing dadd.o(.text), (334 bytes).
    Removing dmul.o(.text), (228 bytes).
    Removing ddiv.o(.text), (222 bytes).
    Removing dfixul.o(.text), (48 bytes).
    Removing cdrcmple.o(.text), (48 bytes).
    Removing depilogue.o(.text), (186 bytes).

125 unused section(s) (total 6876 bytes) removed from the image.

==============================================================================

Image Symbol Table

    Local Symbols

    Symbol Name                              Value     Ov Type        Size  Object(Section)

    ../clib/microlib/division.c              0x00000000   Number         0  uidiv.o ABSOLUTE
    ../clib/microlib/division.c              0x00000000   Number         0  uldiv.o ABSOLUTE
    ../clib/microlib/init/entry.s            0x00000000   Number         0  entry12b.o ABSOLUTE
    ../clib/microlib/init/entry.s            0x00000000   Number         0  entry7b.o ABSOLUTE
    ../clib/microlib/init/entry.s            0x00000000   Number         0  entry7a.o ABSOLUTE
    ../clib/microlib/init/entry.s            0x00000000   Number         0  entry5.o ABSOLUTE
    ../clib/microlib/init/entry.s            0x00000000   Number         0  entry2.o ABSOLUTE
    ../clib/microlib/init/entry.s            0x00000000   Number         0  entry12a.o ABSOLUTE
    ../clib/microlib/init/entry.s            0x00000000   Number         0  entry11b.o ABSOLUTE
    ../clib/microlib/init/entry.s            0x00000000   Number         0  entry11a.o ABSOLUTE
    ../clib/microlib/init/entry.s            0x00000000   Number         0  entry.o ABSOLUTE
    ../clib/microlib/init/entry.s            0x00000000   Number         0  entry10b.o ABSOLUTE
    ../clib/microlib/init/entry.s            0x00000000   Number         0  entry10a.o ABSOLUTE
    ../clib/microlib/init/entry.s            0x00000000   Number         0  entry9b.o ABSOLUTE
    ../clib/microlib/init/entry.s            0x00000000   Number         0  entry8b.o ABSOLUTE
    ../clib/microlib/init/entry.s            0x00000000   Number         0  entry9a.o ABSOLUTE
    ../clib/microlib/init/entry.s            0x00000000   Number         0  entry8a.o ABSOLUTE
    ../clib/microlib/longlong.c              0x00000000   Number         0  llshl.o ABSOLUTE
    ../clib/microlib/longlong.c              0x00000000   Number         0  llushr.o ABSOLUTE
    ../clib/microlib/longlong.c              0x00000000   Number         0  llsshr.o ABSOLUTE
    ../clib/microlib/printf/printf.c         0x00000000   Number         0  printfb.o ABSOLUTE
    ../clib/microlib/printf/printf.c         0x00000000   Number         0  printf8.o ABSOLUTE
    ../clib/microlib/printf/printf.c         0x00000000   Number         0  printf7.o ABSOLUTE
    ../clib/microlib/printf/printf.c         0x00000000   Number         0  printf0.o ABSOLUTE
    ../clib/microlib/printf/printf.c         0x00000000   Number         0  printf6.o ABSOLUTE
    ../clib/microlib/printf/printf.c         0x00000000   Number         0  printf5.o ABSOLUTE
    ../clib/microlib/printf/printf.c         0x00000000   Number         0  printf4.o ABSOLUTE
    ../clib/microlib/printf/printf.c         0x00000000   Number         0  printf3.o ABSOLUTE
    ../clib/microlib/printf/printf.c         0x00000000   Number         0  printf2.o ABSOLUTE
    ../clib/microlib/printf/printf.c         0x00000000   Number         0  printf1.o ABSOLUTE
    ../clib/microlib/printf/printf.c         0x00000000   Number         0  printfa.o ABSOLUTE
    ../clib/microlib/printf/stubs.s          0x00000000   Number         0  stubs.o ABSOLUTE
    ../clib/microlib/stdio/streams.c         0x00000000   Number         0  stdout.o ABSOLUTE
    ../clib/microlib/stubs.s                 0x00000000   Number         0  iusefp.o ABSOLUTE
    ../fplib/microlib/fpadd.c                0x00000000   Number         0  dadd.o ABSOLUTE
    ../fplib/microlib/fpdiv.c                0x00000000   Number         0  ddiv.o ABSOLUTE
    ../fplib/microlib/fpepilogue.c           0x00000000   Number         0  depilogue.o ABSOLUTE
    ../fplib/microlib/fpfix.c                0x00000000   Number         0  dfixul.o ABSOLUTE
    ../fplib/microlib/fpmul.c                0x00000000   Number         0  dmul.o ABSOLUTE
    ..\..\lib\CMSIS\CM3\CoreSupport\core_cm3.c 0x00000000   Number         0  core_cm3.o ABSOLUTE
    ..\..\lib\CMSIS\CM3\DeviceSupport\ST\STM32F10x\startup\arm\startup_stm32f10x_md.s 0x00000000   Number         0  startup_stm32f10x_md.o ABSOLUTE
    ..\..\lib\STM32F10x_StdPeriph_Driver\src\misc.c 0x00000000   Number         0  misc.o ABSOLUTE
    ..\..\lib\STM32F10x_StdPeriph_Driver\src\stm32f10x_flash.c 0x00000000   Number         0  stm32f10x_flash.o ABSOLUTE
    ..\..\lib\STM32F10x_StdPeriph_Driver\src\stm32f10x_gpio.c 0x00000000   Number         0  stm32f10x_gpio.o ABSOLUTE
    ..\..\lib\STM32F10x_StdPeriph_Driver\src\stm32f10x_rcc.c 0x00000000   Number         0  stm32f10x_rcc.o ABSOLUTE
    ..\..\lib\STM32F10x_StdPeriph_Driver\src\stm32f10x_spi.c 0x00000000   Number         0  stm32f10x_spi.o ABSOLUTE
    ..\..\lib\STM32F10x_StdPeriph_Driver\src\stm32f10x_usart.c 0x00000000   Number         0  stm32f10x_usart.o ABSOLUTE
    ..\\..\\lib\\CMSIS\\CM3\\CoreSupport\\core_cm3.c 0x00000000   Number         0  core_cm3.o ABSOLUTE
    ..\main.c                                0x00000000   Number         0  main.o ABSOLUTE
    ..\src\NRF24L01.c                        0x00000000   Number         0  nrf24l01.o ABSOLUTE
    ..\src\SPI.c                             0x00000000   Number         0  spi.o ABSOLUTE
    ..\src\SYSCLK.c                          0x00000000   Number         0  sysclk.o ABSOLUTE
    ..\src\SYSTICK.c                         0x00000000   Number         0  systick.o ABSOLUTE
    ..\src\USART.c                           0x00000000   Number         0  usart.o ABSOLUTE
    ..\stm32f10x_it.c                        0x00000000   Number         0  stm32f10x_it.o ABSOLUTE
    ..\system_stm32f10x.c                    0x00000000   Number         0  system_stm32f10x.o ABSOLUTE
    cdrcmple.s                               0x00000000   Number         0  cdrcmple.o ABSOLUTE
    dc.s                                     0x00000000   Number         0  dc.o ABSOLUTE
    handlers.s                               0x00000000   Number         0  handlers.o ABSOLUTE
    init.s                                   0x00000000   Number         0  init.o ABSOLUTE
    RESET                                    0x08000000   Section      236  startup_stm32f10x_md.o(RESET)
    .ARM.Collect$$$$00000000                 0x080000ec   Section        0  entry.o(.ARM.Collect$$$$00000000)
    .ARM.Collect$$$$00000001                 0x080000ec   Section        4  entry2.o(.ARM.Collect$$$$00000001)
    .ARM.Collect$$$$00000004                 0x080000f0   Section        4  entry5.o(.ARM.Collect$$$$00000004)
    .ARM.Collect$$$$00000008                 0x080000f4   Section        0  entry7b.o(.ARM.Collect$$$$00000008)
    .ARM.Collect$$$$0000000A                 0x080000f4   Section        0  entry8b.o(.ARM.Collect$$$$0000000A)
    .ARM.Collect$$$$0000000B                 0x080000f4   Section        8  entry9a.o(.ARM.Collect$$$$0000000B)
    .ARM.Collect$$$$0000000E                 0x080000fc   Section        4  entry12b.o(.ARM.Collect$$$$0000000E)
    .ARM.Collect$$$$0000000F                 0x08000100   Section        0  entry10a.o(.ARM.Collect$$$$0000000F)
    .ARM.Collect$$$$00000011                 0x08000100   Section        0  entry11a.o(.ARM.Collect$$$$00000011)
    .ARM.Collect$$$$00002712                 0x08000100   Section        4  entry2.o(.ARM.Collect$$$$00002712)
    __lit__00000000                          0x08000100   Data           4  entry2.o(.ARM.Collect$$$$00002712)
    .text                                    0x08000104   Section       36  startup_stm32f10x_md.o(.text)
    .text                                    0x08000128   Section        0  uldiv.o(.text)
    .text                                    0x0800018c   Section       36  init.o(.text)
    .text                                    0x080001b0   Section        0  llshl.o(.text)
    .text                                    0x080001ce   Section        0  llushr.o(.text)
    i.BusFault_Handler                       0x080001ee   Section        0  stm32f10x_it.o(i.BusFault_Handler)
    i.Clock_HSE_Configuration                0x080001f4   Section        0  sysclk.o(i.Clock_HSE_Configuration)
    i.DebugMon_Handler                       0x0800026c   Section        0  stm32f10x_it.o(i.DebugMon_Handler)
    i.Delay_ms                               0x0800026e   Section        0  main.o(i.Delay_ms)
    i.Delay_ms_sys                           0x08000284   Section        0  systick.o(i.Delay_ms_sys)
    i.FLASH_PrefetchBufferCmd                0x08000298   Section        0  stm32f10x_flash.o(i.FLASH_PrefetchBufferCmd)
    i.FLASH_SetLatency                       0x080002b4   Section        0  stm32f10x_flash.o(i.FLASH_SetLatency)
    i.GPIO_Init                              0x080002cc   Section        0  stm32f10x_gpio.o(i.GPIO_Init)
    i.HardFault_Handler                      0x080003e2   Section        0  stm32f10x_it.o(i.HardFault_Handler)
    i.MemManage_Handler                      0x080003e6   Section        0  stm32f10x_it.o(i.MemManage_Handler)
    i.NMI_Handler                            0x080003ea   Section        0  stm32f10x_it.o(i.NMI_Handler)
    i.NVIC_Init                              0x080003ec   Section        0  misc.o(i.NVIC_Init)
    i.Nrf24l01_AddWidth                      0x0800045c   Section        0  nrf24l01.o(i.Nrf24l01_AddWidth)
    i.Nrf24l01_AutoRETR                      0x08000470   Section        0  nrf24l01.o(i.Nrf24l01_AutoRETR)
    i.Nrf24l01_CRCscheme                     0x08000490   Section        0  nrf24l01.o(i.Nrf24l01_CRCscheme)
    i.Nrf24l01_ClearIRQflag                  0x080004b8   Section        0  nrf24l01.o(i.Nrf24l01_ClearIRQflag)
    i.Nrf24l01_EN_AA                         0x080004dc   Section        0  nrf24l01.o(i.Nrf24l01_EN_AA)
    i.Nrf24l01_FlushTX                       0x080004f4   Section        0  nrf24l01.o(i.Nrf24l01_FlushTX)
    i.Nrf24l01_GetAddWidth                   0x0800052c   Section        0  nrf24l01.o(i.Nrf24l01_GetAddWidth)
    i.Nrf24l01_Get_Status                    0x0800055c   Section        0  nrf24l01.o(i.Nrf24l01_Get_Status)
    i.Nrf24l01_OperationMode                 0x08000570   Section        0  nrf24l01.o(i.Nrf24l01_OperationMode)
    i.Nrf24l01_PowerMode                     0x08000598   Section        0  nrf24l01.o(i.Nrf24l01_PowerMode)
    i.Nrf24l01_SetAddr                       0x080005c0   Section        0  nrf24l01.o(i.Nrf24l01_SetAddr)
    i.Nrf24l01_SetDataRate                   0x0800065c   Section        0  nrf24l01.o(i.Nrf24l01_SetDataRate)
    i.Nrf24l01_SetRFchannel                  0x08000684   Section        0  nrf24l01.o(i.Nrf24l01_SetRFchannel)
    i.Nrf24l01_SetTxPower                    0x0800069c   Section        0  nrf24l01.o(i.Nrf24l01_SetTxPower)
    i.Nrf24l01_cmd_read                      0x080006c4   Section        0  nrf24l01.o(i.Nrf24l01_cmd_read)
    i.Nrf24l01_cmd_write                     0x08000770   Section        0  nrf24l01.o(i.Nrf24l01_cmd_write)
    i.Nrf24l01_cmd_write_PL                  0x080007ec   Section        0  nrf24l01.o(i.Nrf24l01_cmd_write_PL)
    i.Nrf24l01_init                          0x08000870   Section        0  nrf24l01.o(i.Nrf24l01_init)
    i.PendSV_Handler                         0x080008f4   Section        0  stm32f10x_it.o(i.PendSV_Handler)
    i.RCC_APB1PeriphClockCmd                 0x080008f8   Section        0  stm32f10x_rcc.o(i.RCC_APB1PeriphClockCmd)
    i.RCC_APB2PeriphClockCmd                 0x08000918   Section        0  stm32f10x_rcc.o(i.RCC_APB2PeriphClockCmd)
    i.RCC_DeInit                             0x08000938   Section        0  stm32f10x_rcc.o(i.RCC_DeInit)
    i.RCC_GetClocksFreq                      0x08000984   Section        0  stm32f10x_rcc.o(i.RCC_GetClocksFreq)
    i.RCC_GetFlagStatus                      0x08000a58   Section        0  stm32f10x_rcc.o(i.RCC_GetFlagStatus)
    i.RCC_GetSYSCLKSource                    0x08000a94   Section        0  stm32f10x_rcc.o(i.RCC_GetSYSCLKSource)
    i.RCC_HCLKConfig                         0x08000aa4   Section        0  stm32f10x_rcc.o(i.RCC_HCLKConfig)
    i.RCC_HSEConfig                          0x08000abc   Section        0  stm32f10x_rcc.o(i.RCC_HSEConfig)
    i.RCC_PCLK1Config                        0x08000b08   Section        0  stm32f10x_rcc.o(i.RCC_PCLK1Config)
    i.RCC_PCLK2Config                        0x08000b20   Section        0  stm32f10x_rcc.o(i.RCC_PCLK2Config)
    i.RCC_PLLCmd                             0x08000b38   Section        0  stm32f10x_rcc.o(i.RCC_PLLCmd)
    i.RCC_PLLConfig                          0x08000b44   Section        0  stm32f10x_rcc.o(i.RCC_PLLConfig)
    i.RCC_SYSCLKConfig                       0x08000b60   Section        0  stm32f10x_rcc.o(i.RCC_SYSCLKConfig)
    i.RCC_WaitForHSEStartUp                  0x08000b78   Section        0  stm32f10x_rcc.o(i.RCC_WaitForHSEStartUp)
    i.SPI1_IRQHandler                        0x08000bb0   Section        0  main.o(i.SPI1_IRQHandler)
    i.SPI_Cmd                                0x08000c10   Section        0  stm32f10x_spi.o(i.SPI_Cmd)
    i.SPI_I2S_ClearFlag                      0x08000c28   Section        0  stm32f10x_spi.o(i.SPI_I2S_ClearFlag)
    i.SPI_I2S_ClearITPendingBit              0x08000c2e   Section        0  stm32f10x_spi.o(i.SPI_I2S_ClearITPendingBit)
    i.SPI_I2S_GetFlagStatus                  0x08000c42   Section        0  stm32f10x_spi.o(i.SPI_I2S_GetFlagStatus)
    i.SPI_I2S_GetITStatus                    0x08000c54   Section        0  stm32f10x_spi.o(i.SPI_I2S_GetITStatus)
    i.SPI_I2S_ITConfig                       0x08000c88   Section        0  stm32f10x_spi.o(i.SPI_I2S_ITConfig)
    i.SPI_I2S_ReceiveData                    0x08000ca8   Section        0  stm32f10x_spi.o(i.SPI_I2S_ReceiveData)
    i.SPI_I2S_SendData                       0x08000cae   Section        0  stm32f10x_spi.o(i.SPI_I2S_SendData)
    i.SPI_Init                               0x08000cb2   Section        0  stm32f10x_spi.o(i.SPI_Init)
    i.SVC_Handler                            0x08000cee   Section        0  stm32f10x_it.o(i.SVC_Handler)
    i.SetSysClock                            0x08000cf0   Section        0  system_stm32f10x.o(i.SetSysClock)
    SetSysClock                              0x08000cf1   Thumb Code     8  system_stm32f10x.o(i.SetSysClock)
    i.SetSysClockTo72                        0x08000cf8   Section        0  system_stm32f10x.o(i.SetSysClockTo72)
    SetSysClockTo72                          0x08000cf9   Thumb Code   214  system_stm32f10x.o(i.SetSysClockTo72)
    i.SysTick_Handler                        0x08000dd8   Section        0  stm32f10x_it.o(i.SysTick_Handler)
    i.SystemInit                             0x08000de8   Section        0  system_stm32f10x.o(i.SystemInit)
    i.UART_Configuration                     0x08000e48   Section        0  usart.o(i.UART_Configuration)
    i.USART_ClearFlag                        0x08000ee4   Section        0  stm32f10x_usart.o(i.USART_ClearFlag)
    i.USART_Cmd                              0x08000ef6   Section        0  stm32f10x_usart.o(i.USART_Cmd)
    i.USART_GetFlagStatus                    0x08000f0e   Section        0  stm32f10x_usart.o(i.USART_GetFlagStatus)
    i.USART_ITConfig                         0x08000f28   Section        0  stm32f10x_usart.o(i.USART_ITConfig)
    i.USART_Init                             0x08000f74   Section        0  stm32f10x_usart.o(i.USART_Init)
    i.USART_SendData                         0x0800104c   Section        0  stm32f10x_usart.o(i.USART_SendData)
    i.UsageFault_Handler                     0x08001054   Section        0  stm32f10x_it.o(i.UsageFault_Handler)
    i.__0printf$5                            0x08001058   Section        0  printf5.o(i.__0printf$5)
    i.__scatterload_copy                     0x08001078   Section       14  handlers.o(i.__scatterload_copy)
    i.__scatterload_null                     0x08001086   Section        2  handlers.o(i.__scatterload_null)
    i.__scatterload_zeroinit                 0x08001088   Section       14  handlers.o(i.__scatterload_zeroinit)
    i._printf_core                           0x08001098   Section        0  printf5.o(i._printf_core)
    _printf_core                             0x08001099   Thumb Code   660  printf5.o(i._printf_core)
    i.fputc                                  0x08001358   Section        0  usart.o(i.fputc)
    i.main                                   0x0800137c   Section        0  main.o(i.main)
    i.nRF24L01_configuration                 0x08001604   Section        0  nrf24l01.o(i.nRF24L01_configuration)
    i.nRF24_GetReTInfo                       0x080016c0   Section        0  nrf24l01.o(i.nRF24_GetReTInfo)
    i.rf24l01_delay_ms                       0x080016d4   Section        0  nrf24l01.o(i.rf24l01_delay_ms)
    .conststring                             0x080016e4   Section       33  main.o(.conststring)
    .data                                    0x20000000   Section       20  stm32f10x_rcc.o(.data)
    APBAHBPrescTable                         0x20000000   Data          16  stm32f10x_rcc.o(.data)
    ADCPrescTable                            0x20000010   Data           4  stm32f10x_rcc.o(.data)
    .data                                    0x20000014   Section       13  main.o(.data)
    .data                                    0x20000024   Section       20  system_stm32f10x.o(.data)
    .data                                    0x20000038   Section        1  sysclk.o(.data)
    .data                                    0x2000003c   Section        4  systick.o(.data)
    .data                                    0x20000040   Section        8  usart.o(.data)
    .data                                    0x20000048   Section        1  nrf24l01.o(.data)
    .data                                    0x2000004c   Section        4  stdout.o(.data)
    .bss                                     0x20000050   Section       20  main.o(.bss)
    .bss                                     0x20000064   Section       16  usart.o(.bss)
    .bss                                     0x20000074   Section       18  spi.o(.bss)
    .bss                                     0x20000086   Section       64  nrf24l01.o(.bss)
    STACK                                    0x200000c8   Section     1024  startup_stm32f10x_md.o(STACK)

    Global Symbols

    Symbol Name                              Value     Ov Type        Size  Object(Section)

    BuildAttributes$$THM_ISAv4$P$D$K$B$S$PE$A:L22UL41UL21$X:L11$S22US41US21$IEEE1$IW$USESV6$~STKCKD$USESV7$~SHL$OSPACE$ROPI$EBA8$MICROLIB$REQ8$PRES8$EABIv2 0x00000000   Number         0  anon$$obj.o ABSOLUTE
    __ARM_use_no_argv                        0x00000000   Number         0  main.o ABSOLUTE
    _printf_a                                0x00000000   Number         0  stubs.o ABSOLUTE
    _printf_c                                0x00000000   Number         0  stubs.o ABSOLUTE
    _printf_charcount                        0x00000000   Number         0  stubs.o ABSOLUTE
    _printf_d                                0x00000000   Number         0  stubs.o ABSOLUTE
    _printf_e                                0x00000000   Number         0  stubs.o ABSOLUTE
    _printf_f                                0x00000000   Number         0  stubs.o ABSOLUTE
    _printf_flags                            0x00000000   Number         0  stubs.o ABSOLUTE
    _printf_fp_dec                           0x00000000   Number         0  stubs.o ABSOLUTE
    _printf_fp_hex                           0x00000000   Number         0  stubs.o ABSOLUTE
    _printf_g                                0x00000000   Number         0  stubs.o ABSOLUTE
    _printf_i                                0x00000000   Number         0  stubs.o ABSOLUTE
    _printf_int_dec                          0x00000000   Number         0  stubs.o ABSOLUTE
    _printf_l                                0x00000000   Number         0  stubs.o ABSOLUTE
    _printf_lc                               0x00000000   Number         0  stubs.o ABSOLUTE
    _printf_ll                               0x00000000   Number         0  stubs.o ABSOLUTE
    _printf_lld                              0x00000000   Number         0  stubs.o ABSOLUTE
    _printf_lli                              0x00000000   Number         0  stubs.o ABSOLUTE
    _printf_llo                              0x00000000   Number         0  stubs.o ABSOLUTE
    _printf_llu                              0x00000000   Number         0  stubs.o ABSOLUTE
    _printf_llx                              0x00000000   Number         0  stubs.o ABSOLUTE
    _printf_longlong_dec                     0x00000000   Number         0  stubs.o ABSOLUTE
    _printf_longlong_hex                     0x00000000   Number         0  stubs.o ABSOLUTE
    _printf_longlong_oct                     0x00000000   Number         0  stubs.o ABSOLUTE
    _printf_ls                               0x00000000   Number         0  stubs.o ABSOLUTE
    _printf_mbtowc                           0x00000000   Number         0  stubs.o ABSOLUTE
    _printf_n                                0x00000000   Number         0  stubs.o ABSOLUTE
    _printf_o                                0x00000000   Number         0  stubs.o ABSOLUTE
    _printf_p                                0x00000000   Number         0  stubs.o ABSOLUTE
    _printf_percent                          0x00000000   Number         0  stubs.o ABSOLUTE
    _printf_pre_padding                      0x00000000   Number         0  stubs.o ABSOLUTE
    _printf_return_value                     0x00000000   Number         0  stubs.o ABSOLUTE
    _printf_s                                0x00000000   Number         0  stubs.o ABSOLUTE
    _printf_sizespec                         0x00000000   Number         0  stubs.o ABSOLUTE
    _printf_str                              0x00000000   Number         0  stubs.o ABSOLUTE
    _printf_truncate_signed                  0x00000000   Number         0  stubs.o ABSOLUTE
    _printf_truncate_unsigned                0x00000000   Number         0  stubs.o ABSOLUTE
    _printf_u                                0x00000000   Number         0  stubs.o ABSOLUTE
    _printf_wc                               0x00000000   Number         0  stubs.o ABSOLUTE
    _printf_wctomb                           0x00000000   Number         0  stubs.o ABSOLUTE
    _printf_widthprec                        0x00000000   Number         0  stubs.o ABSOLUTE
    _printf_x                                0x00000000   Number         0  stubs.o ABSOLUTE
    __arm_fini_                               - Undefined Weak Reference
    __cpp_initialize__aeabi_                  - Undefined Weak Reference
    __cxa_finalize                            - Undefined Weak Reference
    __decompress                              - Undefined Weak Reference
    _clock_init                               - Undefined Weak Reference
    _microlib_exit                            - Undefined Weak Reference
    __Vectors_Size                           0x000000ec   Number         0  startup_stm32f10x_md.o ABSOLUTE
    __Vectors                                0x08000000   Data           4  startup_stm32f10x_md.o(RESET)
    __Vectors_End                            0x080000ec   Data           0  startup_stm32f10x_md.o(RESET)
    __main                                   0x080000ed   Thumb Code     0  entry.o(.ARM.Collect$$$$00000000)
    _main_stk                                0x080000ed   Thumb Code     0  entry2.o(.ARM.Collect$$$$00000001)
    _main_scatterload                        0x080000f1   Thumb Code     0  entry5.o(.ARM.Collect$$$$00000004)
    __main_after_scatterload                 0x080000f5   Thumb Code     0  entry5.o(.ARM.Collect$$$$00000004)
    _main_clock                              0x080000f5   Thumb Code     0  entry7b.o(.ARM.Collect$$$$00000008)
    _main_cpp_init                           0x080000f5   Thumb Code     0  entry8b.o(.ARM.Collect$$$$0000000A)
    _main_init                               0x080000f5   Thumb Code     0  entry9a.o(.ARM.Collect$$$$0000000B)
    __rt_lib_shutdown_fini                   0x080000fd   Thumb Code     0  entry12b.o(.ARM.Collect$$$$0000000E)
    __rt_final_cpp                           0x08000101   Thumb Code     0  entry10a.o(.ARM.Collect$$$$0000000F)
    __rt_final_exit                          0x08000101   Thumb Code     0  entry11a.o(.ARM.Collect$$$$00000011)
    Reset_Handler                            0x08000105   Thumb Code     8  startup_stm32f10x_md.o(.text)
    ADC1_2_IRQHandler                        0x0800011f   Thumb Code     0  startup_stm32f10x_md.o(.text)
    CAN1_RX1_IRQHandler                      0x0800011f   Thumb Code     0  startup_stm32f10x_md.o(.text)
    CAN1_SCE_IRQHandler                      0x0800011f   Thumb Code     0  startup_stm32f10x_md.o(.text)
    DMA1_Channel1_IRQHandler                 0x0800011f   Thumb Code     0  startup_stm32f10x_md.o(.text)
    DMA1_Channel2_IRQHandler                 0x0800011f   Thumb Code     0  startup_stm32f10x_md.o(.text)
    DMA1_Channel3_IRQHandler                 0x0800011f   Thumb Code     0  startup_stm32f10x_md.o(.text)
    DMA1_Channel4_IRQHandler                 0x0800011f   Thumb Code     0  startup_stm32f10x_md.o(.text)
    DMA1_Channel5_IRQHandler                 0x0800011f   Thumb Code     0  startup_stm32f10x_md.o(.text)
    DMA1_Channel6_IRQHandler                 0x0800011f   Thumb Code     0  startup_stm32f10x_md.o(.text)
    DMA1_Channel7_IRQHandler                 0x0800011f   Thumb Code     0  startup_stm32f10x_md.o(.text)
    EXTI0_IRQHandler                         0x0800011f   Thumb Code     0  startup_stm32f10x_md.o(.text)
    EXTI15_10_IRQHandler                     0x0800011f   Thumb Code     0  startup_stm32f10x_md.o(.text)
    EXTI1_IRQHandler                         0x0800011f   Thumb Code     0  startup_stm32f10x_md.o(.text)
    EXTI2_IRQHandler                         0x0800011f   Thumb Code     0  startup_stm32f10x_md.o(.text)
    EXTI3_IRQHandler                         0x0800011f   Thumb Code     0  startup_stm32f10x_md.o(.text)
    EXTI4_IRQHandler                         0x0800011f   Thumb Code     0  startup_stm32f10x_md.o(.text)
    EXTI9_5_IRQHandler                       0x0800011f   Thumb Code     0  startup_stm32f10x_md.o(.text)
    FLASH_IRQHandler                         0x0800011f   Thumb Code     0  startup_stm32f10x_md.o(.text)
    I2C1_ER_IRQHandler                       0x0800011f   Thumb Code     0  startup_stm32f10x_md.o(.text)
    I2C1_EV_IRQHandler                       0x0800011f   Thumb Code     0  startup_stm32f10x_md.o(.text)
    I2C2_ER_IRQHandler                       0x0800011f   Thumb Code     0  startup_stm32f10x_md.o(.text)
    I2C2_EV_IRQHandler                       0x0800011f   Thumb Code     0  startup_stm32f10x_md.o(.text)
    PVD_IRQHandler                           0x0800011f   Thumb Code     0  startup_stm32f10x_md.o(.text)
    RCC_IRQHandler                           0x0800011f   Thumb Code     0  startup_stm32f10x_md.o(.text)
    RTCAlarm_IRQHandler                      0x0800011f   Thumb Code     0  startup_stm32f10x_md.o(.text)
    RTC_IRQHandler                           0x0800011f   Thumb Code     0  startup_stm32f10x_md.o(.text)
    SPI2_IRQHandler                          0x0800011f   Thumb Code     0  startup_stm32f10x_md.o(.text)
    TAMPER_IRQHandler                        0x0800011f   Thumb Code     0  startup_stm32f10x_md.o(.text)
    TIM1_BRK_IRQHandler                      0x0800011f   Thumb Code     0  startup_stm32f10x_md.o(.text)
    TIM1_CC_IRQHandler                       0x0800011f   Thumb Code     0  startup_stm32f10x_md.o(.text)
    TIM1_TRG_COM_IRQHandler                  0x0800011f   Thumb Code     0  startup_stm32f10x_md.o(.text)
    TIM1_UP_IRQHandler                       0x0800011f   Thumb Code     0  startup_stm32f10x_md.o(.text)
    TIM2_IRQHandler                          0x0800011f   Thumb Code     0  startup_stm32f10x_md.o(.text)
    TIM3_IRQHandler                          0x0800011f   Thumb Code     0  startup_stm32f10x_md.o(.text)
    TIM4_IRQHandler                          0x0800011f   Thumb Code     0  startup_stm32f10x_md.o(.text)
    USART1_IRQHandler                        0x0800011f   Thumb Code     0  startup_stm32f10x_md.o(.text)
    USART2_IRQHandler                        0x0800011f   Thumb Code     0  startup_stm32f10x_md.o(.text)
    USART3_IRQHandler                        0x0800011f   Thumb Code     0  startup_stm32f10x_md.o(.text)
    USBWakeUp_IRQHandler                     0x0800011f   Thumb Code     0  startup_stm32f10x_md.o(.text)
    USB_HP_CAN1_TX_IRQHandler                0x0800011f   Thumb Code     0  startup_stm32f10x_md.o(.text)
    USB_LP_CAN1_RX0_IRQHandler               0x0800011f   Thumb Code     0  startup_stm32f10x_md.o(.text)
    WWDG_IRQHandler                          0x0800011f   Thumb Code     0  startup_stm32f10x_md.o(.text)
    __aeabi_uldivmod                         0x08000129   Thumb Code    98  uldiv.o(.text)
    __scatterload                            0x0800018d   Thumb Code    28  init.o(.text)
    __scatterload_rt2                        0x0800018d   Thumb Code     0  init.o(.text)
    __aeabi_llsl                             0x080001b1   Thumb Code    30  llshl.o(.text)
    _ll_shift_l                              0x080001b1   Thumb Code     0  llshl.o(.text)
    __aeabi_llsr                             0x080001cf   Thumb Code    32  llushr.o(.text)
    _ll_ushift_r                             0x080001cf   Thumb Code     0  llushr.o(.text)
    BusFault_Handler                         0x080001ef   Thumb Code     4  stm32f10x_it.o(i.BusFault_Handler)
    Clock_HSE_Configuration                  0x080001f5   Thumb Code   116  sysclk.o(i.Clock_HSE_Configuration)
    DebugMon_Handler                         0x0800026d   Thumb Code     2  stm32f10x_it.o(i.DebugMon_Handler)
    Delay_ms                                 0x0800026f   Thumb Code    20  main.o(i.Delay_ms)
    Delay_ms_sys                             0x08000285   Thumb Code    16  systick.o(i.Delay_ms_sys)
    FLASH_PrefetchBufferCmd                  0x08000299   Thumb Code    22  stm32f10x_flash.o(i.FLASH_PrefetchBufferCmd)
    FLASH_SetLatency                         0x080002b5   Thumb Code    18  stm32f10x_flash.o(i.FLASH_SetLatency)
    GPIO_Init                                0x080002cd   Thumb Code   278  stm32f10x_gpio.o(i.GPIO_Init)
    HardFault_Handler                        0x080003e3   Thumb Code     4  stm32f10x_it.o(i.HardFault_Handler)
    MemManage_Handler                        0x080003e7   Thumb Code     4  stm32f10x_it.o(i.MemManage_Handler)
    NMI_Handler                              0x080003eb   Thumb Code     2  stm32f10x_it.o(i.NMI_Handler)
    NVIC_Init                                0x080003ed   Thumb Code   100  misc.o(i.NVIC_Init)
    Nrf24l01_AddWidth                        0x0800045d   Thumb Code    20  nrf24l01.o(i.Nrf24l01_AddWidth)
    Nrf24l01_AutoRETR                        0x08000471   Thumb Code    30  nrf24l01.o(i.Nrf24l01_AutoRETR)
    Nrf24l01_CRCscheme                       0x08000491   Thumb Code    36  nrf24l01.o(i.Nrf24l01_CRCscheme)
    Nrf24l01_ClearIRQflag                    0x080004b9   Thumb Code    32  nrf24l01.o(i.Nrf24l01_ClearIRQflag)
    Nrf24l01_EN_AA                           0x080004dd   Thumb Code    24  nrf24l01.o(i.Nrf24l01_EN_AA)
    Nrf24l01_FlushTX                         0x080004f5   Thumb Code    46  nrf24l01.o(i.Nrf24l01_FlushTX)
    Nrf24l01_GetAddWidth                     0x0800052d   Thumb Code    42  nrf24l01.o(i.Nrf24l01_GetAddWidth)
    Nrf24l01_Get_Status                      0x0800055d   Thumb Code    16  nrf24l01.o(i.Nrf24l01_Get_Status)
    Nrf24l01_OperationMode                   0x08000571   Thumb Code    36  nrf24l01.o(i.Nrf24l01_OperationMode)
    Nrf24l01_PowerMode                       0x08000599   Thumb Code    36  nrf24l01.o(i.Nrf24l01_PowerMode)
    Nrf24l01_SetAddr                         0x080005c1   Thumb Code   144  nrf24l01.o(i.Nrf24l01_SetAddr)
    Nrf24l01_SetDataRate                     0x0800065d   Thumb Code    36  nrf24l01.o(i.Nrf24l01_SetDataRate)
    Nrf24l01_SetRFchannel                    0x08000685   Thumb Code    24  nrf24l01.o(i.Nrf24l01_SetRFchannel)
    Nrf24l01_SetTxPower                      0x0800069d   Thumb Code    36  nrf24l01.o(i.Nrf24l01_SetTxPower)
    Nrf24l01_cmd_read                        0x080006c5   Thumb Code   158  nrf24l01.o(i.Nrf24l01_cmd_read)
    Nrf24l01_cmd_write                       0x08000771   Thumb Code   112  nrf24l01.o(i.Nrf24l01_cmd_write)
    Nrf24l01_cmd_write_PL                    0x080007ed   Thumb Code   108  nrf24l01.o(i.Nrf24l01_cmd_write_PL)
    Nrf24l01_init                            0x08000871   Thumb Code   132  nrf24l01.o(i.Nrf24l01_init)
    PendSV_Handler                           0x080008f5   Thumb Code     2  stm32f10x_it.o(i.PendSV_Handler)
    RCC_APB1PeriphClockCmd                   0x080008f9   Thumb Code    26  stm32f10x_rcc.o(i.RCC_APB1PeriphClockCmd)
    RCC_APB2PeriphClockCmd                   0x08000919   Thumb Code    26  stm32f10x_rcc.o(i.RCC_APB2PeriphClockCmd)
    RCC_DeInit                               0x08000939   Thumb Code    64  stm32f10x_rcc.o(i.RCC_DeInit)
    RCC_GetClocksFreq                        0x08000985   Thumb Code   192  stm32f10x_rcc.o(i.RCC_GetClocksFreq)
    RCC_GetFlagStatus                        0x08000a59   Thumb Code    56  stm32f10x_rcc.o(i.RCC_GetFlagStatus)
    RCC_GetSYSCLKSource                      0x08000a95   Thumb Code    10  stm32f10x_rcc.o(i.RCC_GetSYSCLKSource)
    RCC_HCLKConfig                           0x08000aa5   Thumb Code    18  stm32f10x_rcc.o(i.RCC_HCLKConfig)
    RCC_HSEConfig                            0x08000abd   Thumb Code    70  stm32f10x_rcc.o(i.RCC_HSEConfig)
    RCC_PCLK1Config                          0x08000b09   Thumb Code    18  stm32f10x_rcc.o(i.RCC_PCLK1Config)
    RCC_PCLK2Config                          0x08000b21   Thumb Code    20  stm32f10x_rcc.o(i.RCC_PCLK2Config)
    RCC_PLLCmd                               0x08000b39   Thumb Code     6  stm32f10x_rcc.o(i.RCC_PLLCmd)
    RCC_PLLConfig                            0x08000b45   Thumb Code    24  stm32f10x_rcc.o(i.RCC_PLLConfig)
    RCC_SYSCLKConfig                         0x08000b61   Thumb Code    18  stm32f10x_rcc.o(i.RCC_SYSCLKConfig)
    RCC_WaitForHSEStartUp                    0x08000b79   Thumb Code    56  stm32f10x_rcc.o(i.RCC_WaitForHSEStartUp)
    SPI1_IRQHandler                          0x08000bb1   Thumb Code    72  main.o(i.SPI1_IRQHandler)
    SPI_Cmd                                  0x08000c11   Thumb Code    24  stm32f10x_spi.o(i.SPI_Cmd)
    SPI_I2S_ClearFlag                        0x08000c29   Thumb Code     6  stm32f10x_spi.o(i.SPI_I2S_ClearFlag)
    SPI_I2S_ClearITPendingBit                0x08000c2f   Thumb Code    20  stm32f10x_spi.o(i.SPI_I2S_ClearITPendingBit)
    SPI_I2S_GetFlagStatus                    0x08000c43   Thumb Code    18  stm32f10x_spi.o(i.SPI_I2S_GetFlagStatus)
    SPI_I2S_GetITStatus                      0x08000c55   Thumb Code    52  stm32f10x_spi.o(i.SPI_I2S_GetITStatus)
    SPI_I2S_ITConfig                         0x08000c89   Thumb Code    32  stm32f10x_spi.o(i.SPI_I2S_ITConfig)
    SPI_I2S_ReceiveData                      0x08000ca9   Thumb Code     6  stm32f10x_spi.o(i.SPI_I2S_ReceiveData)
    SPI_I2S_SendData                         0x08000caf   Thumb Code     4  stm32f10x_spi.o(i.SPI_I2S_SendData)
    SPI_Init                                 0x08000cb3   Thumb Code    60  stm32f10x_spi.o(i.SPI_Init)
    SVC_Handler                              0x08000cef   Thumb Code     2  stm32f10x_it.o(i.SVC_Handler)
    SysTick_Handler                          0x08000dd9   Thumb Code    12  stm32f10x_it.o(i.SysTick_Handler)
    SystemInit                               0x08000de9   Thumb Code    78  system_stm32f10x.o(i.SystemInit)
    UART_Configuration                       0x08000e49   Thumb Code   136  usart.o(i.UART_Configuration)
    USART_ClearFlag                          0x08000ee5   Thumb Code    18  stm32f10x_usart.o(i.USART_ClearFlag)
    USART_Cmd                                0x08000ef7   Thumb Code    24  stm32f10x_usart.o(i.USART_Cmd)
    USART_GetFlagStatus                      0x08000f0f   Thumb Code    26  stm32f10x_usart.o(i.USART_GetFlagStatus)
    USART_ITConfig                           0x08000f29   Thumb Code    74  stm32f10x_usart.o(i.USART_ITConfig)
    USART_Init                               0x08000f75   Thumb Code   210  stm32f10x_usart.o(i.USART_Init)
    USART_SendData                           0x0800104d   Thumb Code     8  stm32f10x_usart.o(i.USART_SendData)
    UsageFault_Handler                       0x08001055   Thumb Code     4  stm32f10x_it.o(i.UsageFault_Handler)
    __0printf$5                              0x08001059   Thumb Code    22  printf5.o(i.__0printf$5)
    __1printf$5                              0x08001059   Thumb Code     0  printf5.o(i.__0printf$5)
    __2printf                                0x08001059   Thumb Code     0  printf5.o(i.__0printf$5)
    __scatterload_copy                       0x08001079   Thumb Code    14  handlers.o(i.__scatterload_copy)
    __scatterload_null                       0x08001087   Thumb Code     2  handlers.o(i.__scatterload_null)
    __scatterload_zeroinit                   0x08001089   Thumb Code    14  handlers.o(i.__scatterload_zeroinit)
    fputc                                    0x08001359   Thumb Code    32  usart.o(i.fputc)
    main                                     0x0800137d   Thumb Code   454  main.o(i.main)
    nRF24L01_configuration                   0x08001605   Thumb Code   166  nrf24l01.o(i.nRF24L01_configuration)
    nRF24_GetReTInfo                         0x080016c1   Thumb Code    16  nrf24l01.o(i.nRF24_GetReTInfo)
    rf24l01_delay_ms                         0x080016d5   Thumb Code    16  nrf24l01.o(i.rf24l01_delay_ms)
    Region$$Table$$Base                      0x08001708   Number         0  anon$$obj.o(Region$$Table)
    Region$$Table$$Limit                     0x08001728   Number         0  anon$$obj.o(Region$$Table)
    clock_source                             0x20000014   Data           4  main.o(.data)
    datpl                                    0x20000018   Data           4  main.o(.data)
    RXadd                                    0x2000001c   Data           5  main.o(.data)
    SystemCoreClock                          0x20000024   Data           4  system_stm32f10x.o(.data)
    AHBPrescTable                            0x20000028   Data          16  system_stm32f10x.o(.data)
    HSEStartUpStatus                         0x20000038   Data           1  sysclk.o(.data)
    Timingdelay                              0x2000003c   Data           4  systick.o(.data)
    GPIO_InitStructure                       0x20000040   Data           4  usart.o(.data)
    NVIC_InitStructure                       0x20000044   Data           4  usart.o(.data)
    M_Rx                                     0x20000048   Data           1  nrf24l01.o(.data)
    __stdout                                 0x2000004c   Data           4  stdout.o(.data)
    RCC_ClockFreq                            0x20000050   Data          20  main.o(.bss)
    UART_InitStructure                       0x20000064   Data          16  usart.o(.bss)
    SPI_InitStructure                        0x20000074   Data          18  spi.o(.bss)
    SPI_MASTER_Buffer_Tx                     0x20000086   Data          32  nrf24l01.o(.bss)
    SPI_MASTER_Buffer_Rx                     0x200000a6   Data          32  nrf24l01.o(.bss)
    __initial_sp                             0x200004c8   Data           0  startup_stm32f10x_md.o(STACK)



==============================================================================

Memory Map of the image

  Image Entry point : 0x080000ed

  Load Region LR_IROM1 (Base: 0x08000000, Size: 0x00001778, Max: 0x00010000, ABSOLUTE)

    Execution Region ER_IROM1 (Exec base: 0x08000000, Load base: 0x08000000, Size: 0x00001728, Max: 0x00010000, ABSOLUTE)

    Exec Addr    Load Addr    Size         Type   Attr      Idx    E Section Name        Object

    0x08000000   0x08000000   0x000000ec   Data   RO           19    RESET               startup_stm32f10x_md.o
    0x080000ec   0x080000ec   0x00000000   Code   RO         1421  * .ARM.Collect$$$$00000000  mc_w.l(entry.o)
    0x080000ec   0x080000ec   0x00000004   Code   RO         1685    .ARM.Collect$$$$00000001  mc_w.l(entry2.o)
    0x080000f0   0x080000f0   0x00000004   Code   RO         1688    .ARM.Collect$$$$00000004  mc_w.l(entry5.o)
    0x080000f4   0x080000f4   0x00000000   Code   RO         1690    .ARM.Collect$$$$00000008  mc_w.l(entry7b.o)
    0x080000f4   0x080000f4   0x00000000   Code   RO         1692    .ARM.Collect$$$$0000000A  mc_w.l(entry8b.o)
    0x080000f4   0x080000f4   0x00000008   Code   RO         1693    .ARM.Collect$$$$0000000B  mc_w.l(entry9a.o)
    0x080000fc   0x080000fc   0x00000004   Code   RO         1700    .ARM.Collect$$$$0000000E  mc_w.l(entry12b.o)
    0x08000100   0x08000100   0x00000000   Code   RO         1695    .ARM.Collect$$$$0000000F  mc_w.l(entry10a.o)
    0x08000100   0x08000100   0x00000000   Code   RO         1697    .ARM.Collect$$$$00000011  mc_w.l(entry11a.o)
    0x08000100   0x08000100   0x00000004   Code   RO         1686    .ARM.Collect$$$$00002712  mc_w.l(entry2.o)
    0x08000104   0x08000104   0x00000024   Code   RO           20    .text               startup_stm32f10x_md.o
    0x08000128   0x08000128   0x00000062   Code   RO         1704    .text               mc_w.l(uldiv.o)
    0x0800018a   0x0800018a   0x00000002   PAD
    0x0800018c   0x0800018c   0x00000024   Code   RO         1717    .text               mc_w.l(init.o)
    0x080001b0   0x080001b0   0x0000001e   Code   RO         1719    .text               mc_w.l(llshl.o)
    0x080001ce   0x080001ce   0x00000020   Code   RO         1721    .text               mc_w.l(llushr.o)
    0x080001ee   0x080001ee   0x00000004   Code   RO         1033    i.BusFault_Handler  stm32f10x_it.o
    0x080001f2   0x080001f2   0x00000002   PAD
    0x080001f4   0x080001f4   0x00000078   Code   RO         1135    i.Clock_HSE_Configuration  sysclk.o
    0x0800026c   0x0800026c   0x00000002   Code   RO         1034    i.DebugMon_Handler  stm32f10x_it.o
    0x0800026e   0x0800026e   0x00000014   Code   RO          955    i.Delay_ms          main.o
    0x08000282   0x08000282   0x00000002   PAD
    0x08000284   0x08000284   0x00000014   Code   RO         1156    i.Delay_ms_sys      systick.o
    0x08000298   0x08000298   0x0000001c   Code   RO          654    i.FLASH_PrefetchBufferCmd  stm32f10x_flash.o
    0x080002b4   0x080002b4   0x00000018   Code   RO          659    i.FLASH_SetLatency  stm32f10x_flash.o
    0x080002cc   0x080002cc   0x00000116   Code   RO          149    i.GPIO_Init         stm32f10x_gpio.o
    0x080003e2   0x080003e2   0x00000004   Code   RO         1035    i.HardFault_Handler  stm32f10x_it.o
    0x080003e6   0x080003e6   0x00000004   Code   RO         1036    i.MemManage_Handler  stm32f10x_it.o
    0x080003ea   0x080003ea   0x00000002   Code   RO         1037    i.NMI_Handler       stm32f10x_it.o
    0x080003ec   0x080003ec   0x00000070   Code   RO           24    i.NVIC_Init         misc.o
    0x0800045c   0x0800045c   0x00000014   Code   RO         1230    i.Nrf24l01_AddWidth  nrf24l01.o
    0x08000470   0x08000470   0x0000001e   Code   RO         1231    i.Nrf24l01_AutoRETR  nrf24l01.o
    0x0800048e   0x0800048e   0x00000002   PAD
    0x08000490   0x08000490   0x00000028   Code   RO         1232    i.Nrf24l01_CRCscheme  nrf24l01.o
    0x080004b8   0x080004b8   0x00000024   Code   RO         1233    i.Nrf24l01_ClearIRQflag  nrf24l01.o
    0x080004dc   0x080004dc   0x00000018   Code   RO         1234    i.Nrf24l01_EN_AA    nrf24l01.o
    0x080004f4   0x080004f4   0x00000038   Code   RO         1237    i.Nrf24l01_FlushTX  nrf24l01.o
    0x0800052c   0x0800052c   0x00000030   Code   RO         1238    i.Nrf24l01_GetAddWidth  nrf24l01.o
    0x0800055c   0x0800055c   0x00000014   Code   RO         1239    i.Nrf24l01_Get_Status  nrf24l01.o
    0x08000570   0x08000570   0x00000028   Code   RO         1242    i.Nrf24l01_OperationMode  nrf24l01.o
    0x08000598   0x08000598   0x00000028   Code   RO         1243    i.Nrf24l01_PowerMode  nrf24l01.o
    0x080005c0   0x080005c0   0x0000009c   Code   RO         1246    i.Nrf24l01_SetAddr  nrf24l01.o
    0x0800065c   0x0800065c   0x00000028   Code   RO         1247    i.Nrf24l01_SetDataRate  nrf24l01.o
    0x08000684   0x08000684   0x00000018   Code   RO         1248    i.Nrf24l01_SetRFchannel  nrf24l01.o
    0x0800069c   0x0800069c   0x00000028   Code   RO         1250    i.Nrf24l01_SetTxPower  nrf24l01.o
    0x080006c4   0x080006c4   0x000000ac   Code   RO         1251    i.Nrf24l01_cmd_read  nrf24l01.o
    0x08000770   0x08000770   0x0000007c   Code   RO         1252    i.Nrf24l01_cmd_write  nrf24l01.o
    0x080007ec   0x080007ec   0x00000084   Code   RO         1253    i.Nrf24l01_cmd_write_PL  nrf24l01.o
    0x08000870   0x08000870   0x00000084   Code   RO         1254    i.Nrf24l01_init     nrf24l01.o
    0x080008f4   0x080008f4   0x00000002   Code   RO         1038    i.PendSV_Handler    stm32f10x_it.o
    0x080008f6   0x080008f6   0x00000002   PAD
    0x080008f8   0x080008f8   0x00000020   Code   RO          259    i.RCC_APB1PeriphClockCmd  stm32f10x_rcc.o
    0x08000918   0x08000918   0x00000020   Code   RO          261    i.RCC_APB2PeriphClockCmd  stm32f10x_rcc.o
    0x08000938   0x08000938   0x0000004c   Code   RO          268    i.RCC_DeInit        stm32f10x_rcc.o
    0x08000984   0x08000984   0x000000d4   Code   RO          269    i.RCC_GetClocksFreq  stm32f10x_rcc.o
    0x08000a58   0x08000a58   0x0000003c   Code   RO          270    i.RCC_GetFlagStatus  stm32f10x_rcc.o
    0x08000a94   0x08000a94   0x00000010   Code   RO          272    i.RCC_GetSYSCLKSource  stm32f10x_rcc.o
    0x08000aa4   0x08000aa4   0x00000018   Code   RO          273    i.RCC_HCLKConfig    stm32f10x_rcc.o
    0x08000abc   0x08000abc   0x0000004c   Code   RO          274    i.RCC_HSEConfig     stm32f10x_rcc.o
    0x08000b08   0x08000b08   0x00000018   Code   RO          280    i.RCC_PCLK1Config   stm32f10x_rcc.o
    0x08000b20   0x08000b20   0x00000018   Code   RO          281    i.RCC_PCLK2Config   stm32f10x_rcc.o
    0x08000b38   0x08000b38   0x0000000c   Code   RO          282    i.RCC_PLLCmd        stm32f10x_rcc.o
    0x08000b44   0x08000b44   0x0000001c   Code   RO          283    i.RCC_PLLConfig     stm32f10x_rcc.o
    0x08000b60   0x08000b60   0x00000018   Code   RO          286    i.RCC_SYSCLKConfig  stm32f10x_rcc.o
    0x08000b78   0x08000b78   0x00000038   Code   RO          288    i.RCC_WaitForHSEStartUp  stm32f10x_rcc.o
    0x08000bb0   0x08000bb0   0x00000060   Code   RO          956    i.SPI1_IRQHandler   main.o
    0x08000c10   0x08000c10   0x00000018   Code   RO          816    i.SPI_Cmd           stm32f10x_spi.o
    0x08000c28   0x08000c28   0x00000006   Code   RO          820    i.SPI_I2S_ClearFlag  stm32f10x_spi.o
    0x08000c2e   0x08000c2e   0x00000014   Code   RO          821    i.SPI_I2S_ClearITPendingBit  stm32f10x_spi.o
    0x08000c42   0x08000c42   0x00000012   Code   RO          824    i.SPI_I2S_GetFlagStatus  stm32f10x_spi.o
    0x08000c54   0x08000c54   0x00000034   Code   RO          825    i.SPI_I2S_GetITStatus  stm32f10x_spi.o
    0x08000c88   0x08000c88   0x00000020   Code   RO          826    i.SPI_I2S_ITConfig  stm32f10x_spi.o
    0x08000ca8   0x08000ca8   0x00000006   Code   RO          827    i.SPI_I2S_ReceiveData  stm32f10x_spi.o
    0x08000cae   0x08000cae   0x00000004   Code   RO          828    i.SPI_I2S_SendData  stm32f10x_spi.o
    0x08000cb2   0x08000cb2   0x0000003c   Code   RO          829    i.SPI_Init          stm32f10x_spi.o
    0x08000cee   0x08000cee   0x00000002   Code   RO         1039    i.SVC_Handler       stm32f10x_it.o
    0x08000cf0   0x08000cf0   0x00000008   Code   RO         1101    i.SetSysClock       system_stm32f10x.o
    0x08000cf8   0x08000cf8   0x000000e0   Code   RO         1102    i.SetSysClockTo72   system_stm32f10x.o
    0x08000dd8   0x08000dd8   0x00000010   Code   RO         1040    i.SysTick_Handler   stm32f10x_it.o
    0x08000de8   0x08000de8   0x00000060   Code   RO         1104    i.SystemInit        system_stm32f10x.o
    0x08000e48   0x08000e48   0x0000009c   Code   RO         1183    i.UART_Configuration  usart.o
    0x08000ee4   0x08000ee4   0x00000012   Code   RO          457    i.USART_ClearFlag   stm32f10x_usart.o
    0x08000ef6   0x08000ef6   0x00000018   Code   RO          461    i.USART_Cmd         stm32f10x_usart.o
    0x08000f0e   0x08000f0e   0x0000001a   Code   RO          464    i.USART_GetFlagStatus  stm32f10x_usart.o
    0x08000f28   0x08000f28   0x0000004a   Code   RO          467    i.USART_ITConfig    stm32f10x_usart.o
    0x08000f72   0x08000f72   0x00000002   PAD
    0x08000f74   0x08000f74   0x000000d8   Code   RO          468    i.USART_Init        stm32f10x_usart.o
    0x0800104c   0x0800104c   0x00000008   Code   RO          478    i.USART_SendData    stm32f10x_usart.o
    0x08001054   0x08001054   0x00000004   Code   RO         1041    i.UsageFault_Handler  stm32f10x_it.o
    0x08001058   0x08001058   0x00000020   Code   RO         1557    i.__0printf$5       mc_w.l(printf5.o)
    0x08001078   0x08001078   0x0000000e   Code   RO         1729    i.__scatterload_copy  mc_w.l(handlers.o)
    0x08001086   0x08001086   0x00000002   Code   RO         1730    i.__scatterload_null  mc_w.l(handlers.o)
    0x08001088   0x08001088   0x0000000e   Code   RO         1731    i.__scatterload_zeroinit  mc_w.l(handlers.o)
    0x08001096   0x08001096   0x00000002   PAD
    0x08001098   0x08001098   0x000002c0   Code   RO         1564    i._printf_core      mc_w.l(printf5.o)
    0x08001358   0x08001358   0x00000024   Code   RO         1184    i.fputc             usart.o
    0x0800137c   0x0800137c   0x00000288   Code   RO          957    i.main              main.o
    0x08001604   0x08001604   0x000000bc   Code   RO         1255    i.nRF24L01_configuration  nrf24l01.o
    0x080016c0   0x080016c0   0x00000014   Code   RO         1258    i.nRF24_GetReTInfo  nrf24l01.o
    0x080016d4   0x080016d4   0x00000010   Code   RO         1259    i.rf24l01_delay_ms  nrf24l01.o
    0x080016e4   0x080016e4   0x00000021   Data   RO          959    .conststring        main.o
    0x08001705   0x08001705   0x00000003   PAD
    0x08001708   0x08001708   0x00000020   Data   RO         1727    Region$$Table       anon$$obj.o


    Execution Region RW_IRAM1 (Exec base: 0x20000000, Load base: 0x08001728, Size: 0x000004c8, Max: 0x00005000, ABSOLUTE)

    Exec Addr    Load Addr    Size         Type   Attr      Idx    E Section Name        Object

    0x20000000   0x08001728   0x00000014   Data   RW          289    .data               stm32f10x_rcc.o
    0x20000014   0x0800173c   0x0000000d   Data   RW          960    .data               main.o
    0x20000021   0x08001749   0x00000003   PAD
    0x20000024   0x0800174c   0x00000014   Data   RW         1105    .data               system_stm32f10x.o
    0x20000038   0x08001760   0x00000001   Data   RW         1137    .data               sysclk.o
    0x20000039   0x08001761   0x00000003   PAD
    0x2000003c   0x08001764   0x00000004   Data   RW         1159    .data               systick.o
    0x20000040   0x08001768   0x00000008   Data   RW         1186    .data               usart.o
    0x20000048   0x08001770   0x00000001   Data   RW         1261    .data               nrf24l01.o
    0x20000049   0x08001771   0x00000003   PAD
    0x2000004c   0x08001774   0x00000004   Data   RW         1701    .data               mc_w.l(stdout.o)
    0x20000050        -       0x00000014   Zero   RW          958    .bss                main.o
    0x20000064        -       0x00000010   Zero   RW         1185    .bss                usart.o
    0x20000074        -       0x00000012   Zero   RW         1207    .bss                spi.o
    0x20000086        -       0x00000040   Zero   RW         1260    .bss                nrf24l01.o
    0x200000c6   0x08001778   0x00000002   PAD
    0x200000c8        -       0x00000400   Zero   RW           17    STACK               startup_stm32f10x_md.o


==============================================================================

Image component sizes


      Code (inc. data)   RO Data    RW Data    ZI Data      Debug   Object Name

         0          0          0          0          0       4572   core_cm3.o
       764        218         33         13         20     221321   main.o
       112         12          0          0          0     237140   misc.o
      1398        140          0          1         64      12658   nrf24l01.o
         0          0          0          0         18        248   spi.o
        36          8        236          0       1024        908   startup_stm32f10x_md.o
        52         12          0          0          0       1189   stm32f10x_flash.o
       278          0          0          0          0       2068   stm32f10x_gpio.o
        40          4          0          0          0       3866   stm32f10x_it.o
       696         92          0         20          0      11250   stm32f10x_rcc.o
       222          0          0          0          0       6895   stm32f10x_spi.o
       366          6          0          0          0       5747   stm32f10x_usart.o
       120          4          0          1          0        837   sysclk.o
       328         28          0         20          0       2161   system_stm32f10x.o
        20          4          0          4          0        701   systick.o
       192         24          0          8         16       1452   usart.o

    ----------------------------------------------------------------------
      4634        552        304         76       1144     513013   Object Totals
         0          0         32          0          0          0   (incl. Generated)
        10          0          3          9          2          0   (incl. Padding)

    ----------------------------------------------------------------------

      Code (inc. data)   RO Data    RW Data    ZI Data      Debug   Library Member Name

         0          0          0          0          0          0   entry.o
         0          0          0          0          0          0   entry10a.o
         0          0          0          0          0          0   entry11a.o
         4          0          0          0          0          0   entry12b.o
         8          4          0          0          0          0   entry2.o
         4          0          0          0          0          0   entry5.o
         0          0          0          0          0          0   entry7b.o
         0          0          0          0          0          0   entry8b.o
         8          4          0          0          0          0   entry9a.o
        30          0          0          0          0          0   handlers.o
        36          8          0          0          0         68   init.o
        30          0          0          0          0         68   llshl.o
        32          0          0          0          0         68   llushr.o
       736         54          0          0          0        184   printf5.o
         0          0          0          4          0          0   stdout.o
        98          0          0          0          0         92   uldiv.o

    ----------------------------------------------------------------------
       990         70          0          4          0        480   Library Totals
         4          0          0          0          0          0   (incl. Padding)

    ----------------------------------------------------------------------

      Code (inc. data)   RO Data    RW Data    ZI Data      Debug   Library Name

       986         70          0          4          0        480   mc_w.l

    ----------------------------------------------------------------------
       990         70          0          4          0        480   Library Totals

    ----------------------------------------------------------------------

==============================================================================


      Code (inc. data)   RO Data    RW Data    ZI Data      Debug   

      5624        622        304         80       1144     509901   Grand Totals
      5624        622        304         80       1144     509901   ELF Image Totals
      5624        622        304         80          0          0   ROM Totals

==============================================================================

    Total RO  Size (Code + RO Data)                 5928 (   5.79kB)
    Total RW  Size (RW Data + ZI Data)              1224 (   1.20kB)
    Total ROM Size (Code + RO Data + RW Data)       6008 (   5.87kB)

==============================================================================

